******************************************************************************
                  MSP430 Linker PC v4.3.3                      
******************************************************************************
>> Linked Thu Oct 30 20:54:21 2014

OUTPUT FILE NAME:   <msp430g2553_ap_med_master.out>
ENTRY POINT SYMBOL: "_c_int00"  address: 0000d9f8


MEMORY CONFIGURATION

         name            origin    length      used     unused   attr    fill
----------------------  --------  ---------  --------  --------  ----  --------
  SFR                   00000000   00000010  00000000  00000010  RWIX
  PERIPHERALS_8BIT      00000010   000000f0  00000000  000000f0  RWIX
  PERIPHERALS_16BIT     00000100   00000100  00000000  00000100  RWIX
  RAM                   00000200   00000200  00000059  000001a7  RWIX
  INFOD                 00001000   00000040  00000000  00000040  RWIX
  INFOC                 00001040   00000040  00000000  00000040  RWIX
  INFOB                 00001080   00000040  00000000  00000040  RWIX
  INFOA                 000010c0   00000040  00000000  00000040  RWIX
  FLASH                 0000c000   00003fe0  00001b1c  000024c4  RWIX
  INT00                 0000ffe0   00000002  00000000  00000002  RWIX
  INT01                 0000ffe2   00000002  00000000  00000002  RWIX
  INT02                 0000ffe4   00000002  00000002  00000000  RWIX
  INT03                 0000ffe6   00000002  00000002  00000000  RWIX
  INT04                 0000ffe8   00000002  00000000  00000002  RWIX
  INT05                 0000ffea   00000002  00000002  00000000  RWIX
  INT06                 0000ffec   00000002  00000002  00000000  RWIX
  INT07                 0000ffee   00000002  00000002  00000000  RWIX
  INT08                 0000fff0   00000002  00000002  00000000  RWIX
  INT09                 0000fff2   00000002  00000002  00000000  RWIX
  INT10                 0000fff4   00000002  00000002  00000000  RWIX
  INT11                 0000fff6   00000002  00000002  00000000  RWIX
  INT12                 0000fff8   00000002  00000002  00000000  RWIX
  INT13                 0000fffa   00000002  00000002  00000000  RWIX
  INT14                 0000fffc   00000002  00000002  00000000  RWIX
  RESET                 0000fffe   00000002  00000002  00000000  RWIX


SECTION ALLOCATION MAP

 output                                  attributes/
section   page    origin      length       input sections
--------  ----  ----------  ----------   ----------------
.init_array 
*          0    0000c000    00000000     UNINITIALIZED

.bss       0    00000200    00000006     UNINITIALIZED
                  00000200    00000004     (.common:g_delay)
                  00000204    00000002     (.common:g_bpm)

.TI.noinit 
*          0    00000200    00000000     UNINITIALIZED

.data      0    00000206    00000003     UNINITIALIZED
                  00000206    00000002     m24lr_xx_i2c.obj (.data)
                  00000208    00000001     main.obj (.data)

.TI.persistent 
*          0    00000206    00000000     UNINITIALIZED

.stack     0    000003b0    00000050     UNINITIALIZED
                  000003b0    00000002     rts430_eabi.lib : boot.obj (.stack)
                  000003b2    0000004e     --HOLE--

.text      0    0000c000    00001acc     
                  0000c000    00000462     rts430_eabi.lib : frcdivd.obj (.text:__TI_frcdivd)
                  0000c462    000002f4                     : frcmpyd.obj (.text:__TI_frcmpyd)
                  0000c756    000002e8                     : addd.obj (.text:__mspabi_addd)
                  0000ca3e    0000026e                     : mpyd.obj (.text:__mspabi_mpyd)
                  0000ccac    00000260                     : frcaddd.obj (.text:__TI_frcaddd)
                  0000cf0c    0000024a     sensors.obj (.text:measHRTR)
                  0000d156    00000238     rts430_eabi.lib : divd.obj (.text:__mspabi_divd)
                  0000d38e    000000dc     m24lr_xx_i2c.obj (.text:NDEF_ALIGN_SEND)
                  0000d46a    000000be     rts430_eabi.lib : renormd.obj (.text:__TI_renormd)
                  0000d528    00000080                     : fltuld.obj (.text:__mspabi_fltuld)
                  0000d5a8    0000007a     main.obj (.text:watchdog_timer)
                  0000d622    00000074     rts430_eabi.lib : fixdul.obj (.text:__mspabi_fixdul)
                  0000d696    00000072     m24lr_xx_i2c.obj (.text:I2C_TO_M24LRXX)
                  0000d708    00000070     main.obj (.text:main)
                  0000d778    0000005e     rts430_eabi.lib : copy_decompress_rle.obj (.text:__TI_decompress_rle_core)
                  0000d7d6    0000005e                     : autoinit.obj (.text:_auto_init)
                  0000d834    0000005c                     : lsr32.obj (.text:l_lsr_const)
                  0000d890    0000004c                     : lsr16.obj (.text)
                  0000d8dc    0000003e                     : asr32.obj (.text:l_asr_const)
                  0000d91a    0000003e                     : lsl32.obj (.text:l_lsl_const)
                  0000d958    0000002c                     : asr16.obj (.text)
                  0000d984    0000002c                     : lsl16.obj (.text)
                  0000d9b0    00000026                     : mult32.obj (.text)
                  0000d9d6    00000022     sensors.obj (.text:ADCChannelSelect)
                  0000d9f8    0000001a     rts430_eabi.lib : boot.obj (.text:_c_int00_noexit)
                  0000da12    00000014                     : copy_zero_init.obj (.text:decompress:ZI:__TI_zero_init)
                  0000da26    00000014                     : mult16.obj (.text)
                  0000da3a    00000012                     : fixdu.obj (.text:__mspabi_fixdu)
                  0000da4c    00000012                     : copy_decompress_none.obj (.text:decompress:none:__TI_decompress_none)
                  0000da5e    00000012                     : lsr32.obj (.text:l_lsr)
                  0000da70    00000012                     : memcpy.obj (.text:memcpy)
                  0000da82    00000010                     : asr32.obj (.text:l_asr)
                  0000da92    00000010                     : lsl32.obj (.text:l_lsl)
                  0000daa2    00000010                     : epilog.obj (.text)
                  0000dab2    00000006                     : isr_trap.obj (.text:__TI_ISR_TRAP)
                  0000dab8    00000006                     : fltud.obj (.text:__mspabi_fltud)
                  0000dabe    00000006                     : copy_decompress_rle.obj (.text:decompress:rle24:__TI_decompress_rle24)
                  0000dac4    00000004                     : pre_init.obj (.text:_system_pre_init)
                  0000dac8    00000004                     : exit.obj (.text:abort)

.const     0    0000dacc    00000036     
                  0000dacc    0000001e     m24lr_xx_i2c.obj (.const:$P$T0$1$0)
                  0000daea    00000018     m24lr_xx_i2c.obj (.const:NDEF_HEAD)

.cinit     0    0000db02    0000001a     
                  0000db02    00000007     (.cinit..data.load) [load image]
                  0000db09    00000001     --HOLE-- [fill = 0]
                  0000db0a    00000006     (__TI_handler_table)
                  0000db10    00000004     (.cinit..bss.load) [load image, compression = zero_init]
                  0000db14    00000008     (__TI_cinit_table)

PORT1      0    0000ffe4    00000002     
                  0000ffe4    00000002     rts430_eabi.lib : int02.obj (.int02)

PORT2      0    0000ffe6    00000002     
                  0000ffe6    00000002     rts430_eabi.lib : int03.obj (.int03)

ADC10      0    0000ffea    00000002     
                  0000ffea    00000002     rts430_eabi.lib : int05.obj (.int05)

USCIAB0TX 
*          0    0000ffec    00000002     
                  0000ffec    00000002     rts430_eabi.lib : int06.obj (.int06)

USCIAB0RX 
*          0    0000ffee    00000002     
                  0000ffee    00000002     rts430_eabi.lib : int07.obj (.int07)

TIMER0_A1 
*          0    0000fff0    00000002     
                  0000fff0    00000002     rts430_eabi.lib : int08.obj (.int08)

TIMER0_A0 
*          0    0000fff2    00000002     
                  0000fff2    00000002     rts430_eabi.lib : int09.obj (.int09)

WDT        0    0000fff4    00000002     
                  0000fff4    00000002     <whole-program> (.int10)

COMPARATORA 
*          0    0000fff6    00000002     
                  0000fff6    00000002     rts430_eabi.lib : int11.obj (.int11)

TIMER1_A1 
*          0    0000fff8    00000002     
                  0000fff8    00000002     rts430_eabi.lib : int12.obj (.int12)

TIMER1_A0 
*          0    0000fffa    00000002     
                  0000fffa    00000002     rts430_eabi.lib : int13.obj (.int13)

NMI        0    0000fffc    00000002     
                  0000fffc    00000002     rts430_eabi.lib : int14.obj (.int14)

.reset     0    0000fffe    00000002     
                  0000fffe    00000002     rts430_eabi.lib : boot.obj (.reset)


LINKER GENERATED COPY TABLES

__TI_cinit_table @ 0000db14 records: 2, size/record: 4, table size: 8
	.data: load addr=0000db02, load size=00000007 bytes, run addr=00000206, run size=00000003 bytes, compression=copy
	.bss: load addr=0000db10, load size=00000004 bytes, run addr=00000200, run size=00000006 bytes, compression=zero_init


LINKER GENERATED HANDLER TABLE

__TI_handler_table @ 0000db0a records: 3, size/record: 2, table size: 6
	index: 0, handler: __TI_zero_init
	index: 1, handler: __TI_decompress_rle24
	index: 2, handler: __TI_decompress_none


GLOBAL SYMBOLS: SORTED ALPHABETICALLY BY Name 

address    name
--------   ----
0000004a   ADC10AE0
000001b0   ADC10CTL0
000001b2   ADC10CTL1
00000048   ADC10DTC0
00000049   ADC10DTC1
000001b4   ADC10MEM
000001bc   ADC10SA
0000d9d6   ADCChannelSelect
00000057   BCSCTL1
00000058   BCSCTL2
00000053   BCSCTL3
0000dac8   C$$EXIT
00000059   CACTL1
0000005a   CACTL2
000010fb   CALBC1_12MHZ
000010f9   CALBC1_16MHZ
000010ff   CALBC1_1MHZ
000010fd   CALBC1_8MHZ
000010fa   CALDCO_12MHZ
000010f8   CALDCO_16MHZ
000010fe   CALDCO_1MHZ
000010fc   CALDCO_8MHZ
0000005b   CAPD
00000056   DCOCTL
00000128   FCTL1
0000012a   FCTL2
0000012c   FCTL3
0000d696   I2C_TO_M24LRXX
00000000   IE1
00000001   IE2
00000002   IFG1
00000003   IFG2
0000d38e   NDEF_ALIGN_SEND
0000daea   NDEF_HEAD
00000022   P1DIR
00000025   P1IE
00000024   P1IES
00000023   P1IFG
00000020   P1IN
00000021   P1OUT
00000027   P1REN
00000026   P1SEL
00000041   P1SEL2
0000002a   P2DIR
0000002d   P2IE
0000002c   P2IES
0000002b   P2IFG
00000028   P2IN
00000029   P2OUT
0000002f   P2REN
0000002e   P2SEL
00000042   P2SEL2
0000001a   P3DIR
00000018   P3IN
00000019   P3OUT
00000010   P3REN
0000001b   P3SEL
00000043   P3SEL2
00000207   PAY_VAL
00000206   PBW_VAL
00000172   TA0CCR0
00000174   TA0CCR1
00000176   TA0CCR2
00000162   TA0CCTL0
00000164   TA0CCTL1
00000166   TA0CCTL2
00000160   TA0CTL
0000012e   TA0IV
00000170   TA0R
00000192   TA1CCR0
00000194   TA1CCR1
00000196   TA1CCR2
00000182   TA1CCTL0
00000184   TA1CCTL1
00000186   TA1CCTL2
00000180   TA1CTL
0000011e   TA1IV
00000190   TA1R
000010db   TLV_ADC10_1_LEN
000010da   TLV_ADC10_1_TAG
000010c0   TLV_CHECKSUM
000010f7   TLV_DCO_30_LEN
000010f6   TLV_DCO_30_TAG
0000005d   UCA0ABCTL
00000062   UCA0BR0
00000063   UCA0BR1
00000060   UCA0CTL0
00000061   UCA0CTL1
0000005f   UCA0IRRCTL
0000005e   UCA0IRTCTL
00000064   UCA0MCTL
00000066   UCA0RXBUF
00000065   UCA0STAT
00000067   UCA0TXBUF
0000006a   UCB0BR0
0000006b   UCB0BR1
00000068   UCB0CTL0
00000069   UCB0CTL1
0000006c   UCB0I2CIE
00000118   UCB0I2COA
0000011a   UCB0I2CSA
0000006e   UCB0RXBUF
0000006d   UCB0STAT
0000006f   UCB0TXBUF
00000120   WDTCTL
00000400   __STACK_END
00000050   __STACK_SIZE
0000db14   __TI_CINIT_Base
0000db1c   __TI_CINIT_Limit
0000db0a   __TI_Handler_Table_Base
0000db10   __TI_Handler_Table_Limit
UNDEFED    __TI_INITARRAY_Base
UNDEFED    __TI_INITARRAY_Limit
0000dab2   __TI_ISR_TRAP
00000001   __TI_args_main
0000da4c   __TI_decompress_none
0000dabe   __TI_decompress_rle24
00000001   __TI_exit
0000ccac   __TI_frcaddd
0000c000   __TI_frcdivd
0000c462   __TI_frcmpyd
0000ffe4   __TI_int02
0000ffe6   __TI_int03
0000ffea   __TI_int05
0000ffec   __TI_int06
0000ffee   __TI_int07
0000fff0   __TI_int08
0000fff2   __TI_int09
0000fff4   __TI_int10
0000fff6   __TI_int11
0000fff8   __TI_int12
0000fffa   __TI_int13
0000fffc   __TI_int14
0000d46a   __TI_renormd
0000da12   __TI_zero_init
ffffffff   __binit__
ffffffff   __c_args__
0000c756   __mspabi_addd
0000d156   __mspabi_divd
0000da3a   __mspabi_fixdu
0000d622   __mspabi_fixdul
0000dab8   __mspabi_fltud
0000d528   __mspabi_fltuld
0000daae   __mspabi_func_epilog_1
0000daac   __mspabi_func_epilog_2
0000daaa   __mspabi_func_epilog_3
0000daa8   __mspabi_func_epilog_4
0000daa6   __mspabi_func_epilog_5
0000daa4   __mspabi_func_epilog_6
0000daa2   __mspabi_func_epilog_7
0000ca3e   __mspabi_mpyd
0000da26   __mspabi_mpyi
0000d9b0   __mspabi_mpyl
0000d984   __mspabi_slli
0000d9ac   __mspabi_slli_1
0000d99a   __mspabi_slli_10
0000d998   __mspabi_slli_11
0000d996   __mspabi_slli_12
0000d994   __mspabi_slli_13
0000d992   __mspabi_slli_14
0000d990   __mspabi_slli_15
0000d9aa   __mspabi_slli_2
0000d9a8   __mspabi_slli_3
0000d9a6   __mspabi_slli_4
0000d9a4   __mspabi_slli_5
0000d9a2   __mspabi_slli_6
0000d9a0   __mspabi_slli_7
0000d99e   __mspabi_slli_8
0000d99c   __mspabi_slli_9
0000da92   __mspabi_slll
0000d952   __mspabi_slll_1
0000d92e   __mspabi_slll_10
0000d92a   __mspabi_slll_11
0000d926   __mspabi_slll_12
0000d922   __mspabi_slll_13
0000d91e   __mspabi_slll_14
0000d91a   __mspabi_slll_15
0000d94e   __mspabi_slll_2
0000d94a   __mspabi_slll_3
0000d946   __mspabi_slll_4
0000d942   __mspabi_slll_5
0000d93e   __mspabi_slll_6
0000d93a   __mspabi_slll_7
0000d936   __mspabi_slll_8
0000d932   __mspabi_slll_9
0000d958   __mspabi_srai
0000d980   __mspabi_srai_1
0000d96e   __mspabi_srai_10
0000d96c   __mspabi_srai_11
0000d96a   __mspabi_srai_12
0000d968   __mspabi_srai_13
0000d966   __mspabi_srai_14
0000d964   __mspabi_srai_15
0000d97e   __mspabi_srai_2
0000d97c   __mspabi_srai_3
0000d97a   __mspabi_srai_4
0000d978   __mspabi_srai_5
0000d976   __mspabi_srai_6
0000d974   __mspabi_srai_7
0000d972   __mspabi_srai_8
0000d970   __mspabi_srai_9
0000da82   __mspabi_sral
0000d914   __mspabi_sral_1
0000d8f0   __mspabi_sral_10
0000d8ec   __mspabi_sral_11
0000d8e8   __mspabi_sral_12
0000d8e4   __mspabi_sral_13
0000d8e0   __mspabi_sral_14
0000d8dc   __mspabi_sral_15
0000d910   __mspabi_sral_2
0000d90c   __mspabi_sral_3
0000d908   __mspabi_sral_4
0000d904   __mspabi_sral_5
0000d900   __mspabi_sral_6
0000d8fc   __mspabi_sral_7
0000d8f8   __mspabi_sral_8
0000d8f4   __mspabi_sral_9
0000d890   __mspabi_srli
0000d8d6   __mspabi_srli_1
0000d8b2   __mspabi_srli_10
0000d8ae   __mspabi_srli_11
0000d8aa   __mspabi_srli_12
0000d8a6   __mspabi_srli_13
0000d8a2   __mspabi_srli_14
0000d89e   __mspabi_srli_15
0000d8d2   __mspabi_srli_2
0000d8ce   __mspabi_srli_3
0000d8ca   __mspabi_srli_4
0000d8c6   __mspabi_srli_5
0000d8c2   __mspabi_srli_6
0000d8be   __mspabi_srli_7
0000d8ba   __mspabi_srli_8
0000d8b6   __mspabi_srli_9
0000da5e   __mspabi_srll
0000d888   __mspabi_srll_1
0000d852   __mspabi_srll_10
0000d84c   __mspabi_srll_11
0000d846   __mspabi_srll_12
0000d840   __mspabi_srll_13
0000d83a   __mspabi_srll_14
0000d834   __mspabi_srll_15
0000d882   __mspabi_srll_2
0000d87c   __mspabi_srll_3
0000d876   __mspabi_srll_4
0000d870   __mspabi_srll_5
0000d86a   __mspabi_srll_6
0000d864   __mspabi_srll_7
0000d85e   __mspabi_srll_8
0000d858   __mspabi_srll_9
0000d7d6   _auto_init
0000d9f8   _c_int00
0000d9f8   _c_int00_noexit
0000fffe   _reset_vector
000003b0   _stack
0000dac4   _system_pre_init
0000dac8   abort
ffffffff   binit
00000208   g_addr
00000204   g_bpm
00000200   g_delay
0000d708   main
0000cf0c   measHRTR
0000da70   memcpy
0000d5a8   watchdog_timer


GLOBAL SYMBOLS: SORTED BY Symbol Address 

address    name
--------   ----
00000000   IE1
00000001   IE2
00000001   __TI_args_main
00000001   __TI_exit
00000002   IFG1
00000003   IFG2
00000010   P3REN
00000018   P3IN
00000019   P3OUT
0000001a   P3DIR
0000001b   P3SEL
00000020   P1IN
00000021   P1OUT
00000022   P1DIR
00000023   P1IFG
00000024   P1IES
00000025   P1IE
00000026   P1SEL
00000027   P1REN
00000028   P2IN
00000029   P2OUT
0000002a   P2DIR
0000002b   P2IFG
0000002c   P2IES
0000002d   P2IE
0000002e   P2SEL
0000002f   P2REN
00000041   P1SEL2
00000042   P2SEL2
00000043   P3SEL2
00000048   ADC10DTC0
00000049   ADC10DTC1
0000004a   ADC10AE0
00000050   __STACK_SIZE
00000053   BCSCTL3
00000056   DCOCTL
00000057   BCSCTL1
00000058   BCSCTL2
00000059   CACTL1
0000005a   CACTL2
0000005b   CAPD
0000005d   UCA0ABCTL
0000005e   UCA0IRTCTL
0000005f   UCA0IRRCTL
00000060   UCA0CTL0
00000061   UCA0CTL1
00000062   UCA0BR0
00000063   UCA0BR1
00000064   UCA0MCTL
00000065   UCA0STAT
00000066   UCA0RXBUF
00000067   UCA0TXBUF
00000068   UCB0CTL0
00000069   UCB0CTL1
0000006a   UCB0BR0
0000006b   UCB0BR1
0000006c   UCB0I2CIE
0000006d   UCB0STAT
0000006e   UCB0RXBUF
0000006f   UCB0TXBUF
00000118   UCB0I2COA
0000011a   UCB0I2CSA
0000011e   TA1IV
00000120   WDTCTL
00000128   FCTL1
0000012a   FCTL2
0000012c   FCTL3
0000012e   TA0IV
00000160   TA0CTL
00000162   TA0CCTL0
00000164   TA0CCTL1
00000166   TA0CCTL2
00000170   TA0R
00000172   TA0CCR0
00000174   TA0CCR1
00000176   TA0CCR2
00000180   TA1CTL
00000182   TA1CCTL0
00000184   TA1CCTL1
00000186   TA1CCTL2
00000190   TA1R
00000192   TA1CCR0
00000194   TA1CCR1
00000196   TA1CCR2
000001b0   ADC10CTL0
000001b2   ADC10CTL1
000001b4   ADC10MEM
000001bc   ADC10SA
00000200   g_delay
00000204   g_bpm
00000206   PBW_VAL
00000207   PAY_VAL
00000208   g_addr
000003b0   _stack
00000400   __STACK_END
000010c0   TLV_CHECKSUM
000010da   TLV_ADC10_1_TAG
000010db   TLV_ADC10_1_LEN
000010f6   TLV_DCO_30_TAG
000010f7   TLV_DCO_30_LEN
000010f8   CALDCO_16MHZ
000010f9   CALBC1_16MHZ
000010fa   CALDCO_12MHZ
000010fb   CALBC1_12MHZ
000010fc   CALDCO_8MHZ
000010fd   CALBC1_8MHZ
000010fe   CALDCO_1MHZ
000010ff   CALBC1_1MHZ
0000c000   __TI_frcdivd
0000c462   __TI_frcmpyd
0000c756   __mspabi_addd
0000ca3e   __mspabi_mpyd
0000ccac   __TI_frcaddd
0000cf0c   measHRTR
0000d156   __mspabi_divd
0000d38e   NDEF_ALIGN_SEND
0000d46a   __TI_renormd
0000d528   __mspabi_fltuld
0000d5a8   watchdog_timer
0000d622   __mspabi_fixdul
0000d696   I2C_TO_M24LRXX
0000d708   main
0000d7d6   _auto_init
0000d834   __mspabi_srll_15
0000d83a   __mspabi_srll_14
0000d840   __mspabi_srll_13
0000d846   __mspabi_srll_12
0000d84c   __mspabi_srll_11
0000d852   __mspabi_srll_10
0000d858   __mspabi_srll_9
0000d85e   __mspabi_srll_8
0000d864   __mspabi_srll_7
0000d86a   __mspabi_srll_6
0000d870   __mspabi_srll_5
0000d876   __mspabi_srll_4
0000d87c   __mspabi_srll_3
0000d882   __mspabi_srll_2
0000d888   __mspabi_srll_1
0000d890   __mspabi_srli
0000d89e   __mspabi_srli_15
0000d8a2   __mspabi_srli_14
0000d8a6   __mspabi_srli_13
0000d8aa   __mspabi_srli_12
0000d8ae   __mspabi_srli_11
0000d8b2   __mspabi_srli_10
0000d8b6   __mspabi_srli_9
0000d8ba   __mspabi_srli_8
0000d8be   __mspabi_srli_7
0000d8c2   __mspabi_srli_6
0000d8c6   __mspabi_srli_5
0000d8ca   __mspabi_srli_4
0000d8ce   __mspabi_srli_3
0000d8d2   __mspabi_srli_2
0000d8d6   __mspabi_srli_1
0000d8dc   __mspabi_sral_15
0000d8e0   __mspabi_sral_14
0000d8e4   __mspabi_sral_13
0000d8e8   __mspabi_sral_12
0000d8ec   __mspabi_sral_11
0000d8f0   __mspabi_sral_10
0000d8f4   __mspabi_sral_9
0000d8f8   __mspabi_sral_8
0000d8fc   __mspabi_sral_7
0000d900   __mspabi_sral_6
0000d904   __mspabi_sral_5
0000d908   __mspabi_sral_4
0000d90c   __mspabi_sral_3
0000d910   __mspabi_sral_2
0000d914   __mspabi_sral_1
0000d91a   __mspabi_slll_15
0000d91e   __mspabi_slll_14
0000d922   __mspabi_slll_13
0000d926   __mspabi_slll_12
0000d92a   __mspabi_slll_11
0000d92e   __mspabi_slll_10
0000d932   __mspabi_slll_9
0000d936   __mspabi_slll_8
0000d93a   __mspabi_slll_7
0000d93e   __mspabi_slll_6
0000d942   __mspabi_slll_5
0000d946   __mspabi_slll_4
0000d94a   __mspabi_slll_3
0000d94e   __mspabi_slll_2
0000d952   __mspabi_slll_1
0000d958   __mspabi_srai
0000d964   __mspabi_srai_15
0000d966   __mspabi_srai_14
0000d968   __mspabi_srai_13
0000d96a   __mspabi_srai_12
0000d96c   __mspabi_srai_11
0000d96e   __mspabi_srai_10
0000d970   __mspabi_srai_9
0000d972   __mspabi_srai_8
0000d974   __mspabi_srai_7
0000d976   __mspabi_srai_6
0000d978   __mspabi_srai_5
0000d97a   __mspabi_srai_4
0000d97c   __mspabi_srai_3
0000d97e   __mspabi_srai_2
0000d980   __mspabi_srai_1
0000d984   __mspabi_slli
0000d990   __mspabi_slli_15
0000d992   __mspabi_slli_14
0000d994   __mspabi_slli_13
0000d996   __mspabi_slli_12
0000d998   __mspabi_slli_11
0000d99a   __mspabi_slli_10
0000d99c   __mspabi_slli_9
0000d99e   __mspabi_slli_8
0000d9a0   __mspabi_slli_7
0000d9a2   __mspabi_slli_6
0000d9a4   __mspabi_slli_5
0000d9a6   __mspabi_slli_4
0000d9a8   __mspabi_slli_3
0000d9aa   __mspabi_slli_2
0000d9ac   __mspabi_slli_1
0000d9b0   __mspabi_mpyl
0000d9d6   ADCChannelSelect
0000d9f8   _c_int00
0000d9f8   _c_int00_noexit
0000da12   __TI_zero_init
0000da26   __mspabi_mpyi
0000da3a   __mspabi_fixdu
0000da4c   __TI_decompress_none
0000da5e   __mspabi_srll
0000da70   memcpy
0000da82   __mspabi_sral
0000da92   __mspabi_slll
0000daa2   __mspabi_func_epilog_7
0000daa4   __mspabi_func_epilog_6
0000daa6   __mspabi_func_epilog_5
0000daa8   __mspabi_func_epilog_4
0000daaa   __mspabi_func_epilog_3
0000daac   __mspabi_func_epilog_2
0000daae   __mspabi_func_epilog_1
0000dab2   __TI_ISR_TRAP
0000dab8   __mspabi_fltud
0000dabe   __TI_decompress_rle24
0000dac4   _system_pre_init
0000dac8   C$$EXIT
0000dac8   abort
0000daea   NDEF_HEAD
0000db0a   __TI_Handler_Table_Base
0000db10   __TI_Handler_Table_Limit
0000db14   __TI_CINIT_Base
0000db1c   __TI_CINIT_Limit
0000ffe4   __TI_int02
0000ffe6   __TI_int03
0000ffea   __TI_int05
0000ffec   __TI_int06
0000ffee   __TI_int07
0000fff0   __TI_int08
0000fff2   __TI_int09
0000fff4   __TI_int10
0000fff6   __TI_int11
0000fff8   __TI_int12
0000fffa   __TI_int13
0000fffc   __TI_int14
0000fffe   _reset_vector
ffffffff   __binit__
ffffffff   __c_args__
ffffffff   binit
UNDEFED    __TI_INITARRAY_Base
UNDEFED    __TI_INITARRAY_Limit

[264 symbols]
