******************************************************************************
                  MSP430 Linker PC v4.3.3                      
******************************************************************************
>> Linked Thu Oct 30 20:54:14 2014

OUTPUT FILE NAME:   <msp430g2553_ap_med_master.out>
ENTRY POINT SYMBOL: "_c_int00"  address: 0000d882


MEMORY CONFIGURATION

         name            origin    length      used     unused   attr    fill
----------------------  --------  ---------  --------  --------  ----  --------
  SFR                   00000000   00000010  00000000  00000010  RWIX
  PERIPHERALS_8BIT      00000010   000000f0  00000000  000000f0  RWIX
  PERIPHERALS_16BIT     00000100   00000100  00000000  00000100  RWIX
  RAM                   00000200   00000200  00000059  000001a7  RWIX
  INFOD                 00001000   00000040  00000000  00000040  RWIX
  INFOC                 00001040   00000040  00000000  00000040  RWIX
  INFOB                 00001080   00000040  00000000  00000040  RWIX
  INFOA                 000010c0   00000040  00000000  00000040  RWIX
  FLASH                 0000c000   00003fe0  000019a6  0000263a  RWIX
  INT00                 0000ffe0   00000002  00000000  00000002  RWIX
  INT01                 0000ffe2   00000002  00000000  00000002  RWIX
  INT02                 0000ffe4   00000002  00000002  00000000  RWIX
  INT03                 0000ffe6   00000002  00000002  00000000  RWIX
  INT04                 0000ffe8   00000002  00000000  00000002  RWIX
  INT05                 0000ffea   00000002  00000002  00000000  RWIX
  INT06                 0000ffec   00000002  00000002  00000000  RWIX
  INT07                 0000ffee   00000002  00000002  00000000  RWIX
  INT08                 0000fff0   00000002  00000002  00000000  RWIX
  INT09                 0000fff2   00000002  00000002  00000000  RWIX
  INT10                 0000fff4   00000002  00000002  00000000  RWIX
  INT11                 0000fff6   00000002  00000002  00000000  RWIX
  INT12                 0000fff8   00000002  00000002  00000000  RWIX
  INT13                 0000fffa   00000002  00000002  00000000  RWIX
  INT14                 0000fffc   00000002  00000002  00000000  RWIX
  RESET                 0000fffe   00000002  00000002  00000000  RWIX


SECTION ALLOCATION MAP

 output                                  attributes/
section   page    origin      length       input sections
--------  ----  ----------  ----------   ----------------
.init_array 
*          0    0000c000    00000000     UNINITIALIZED

.bss       0    00000200    00000006     UNINITIALIZED
                  00000200    00000004     (.common:g_delay)
                  00000204    00000002     (.common:g_bpm)

.TI.noinit 
*          0    00000200    00000000     UNINITIALIZED

.data      0    00000206    00000003     UNINITIALIZED
                  00000206    00000002     m24lr_xx_i2c.obj (.data)
                  00000208    00000001     main.obj (.data)

.TI.persistent 
*          0    00000206    00000000     UNINITIALIZED

.stack     0    000003b0    00000050     UNINITIALIZED
                  000003b0    00000002     rts430_eabi.lib : boot.obj (.stack)
                  000003b2    0000004e     --HOLE--

.text      0    0000c000    00001956     
                  0000c000    00000462     rts430_eabi.lib : frcdivd.obj (.text:__TI_frcdivd)
                  0000c462    000002f4                     : frcmpyd.obj (.text:__TI_frcmpyd)
                  0000c756    000002e8                     : addd.obj (.text:__mspabi_addd)
                  0000ca3e    0000026e                     : mpyd.obj (.text:__mspabi_mpyd)
                  0000ccac    00000260                     : frcaddd.obj (.text:__TI_frcaddd)
                  0000cf0c    00000238                     : divd.obj (.text:__mspabi_divd)
                  0000d144    0000014c     sensors.obj (.text:measHRTR)
                  0000d290    000000be     rts430_eabi.lib : renormd.obj (.text:__TI_renormd)
                  0000d34e    00000096     m24lr_xx_i2c.obj (.text:NDEF_ALIGN_SEND)
                  0000d3e4    00000080     rts430_eabi.lib : fltuld.obj (.text:__mspabi_fltuld)
                  0000d464    0000007a     main.obj (.text:watchdog_timer)
                  0000d4de    00000074     rts430_eabi.lib : fixdul.obj (.text:__mspabi_fixdul)
                  0000d552    00000072     m24lr_xx_i2c.obj (.text:I2C_TO_M24LRXX)
                  0000d5c4    0000005e     rts430_eabi.lib : copy_decompress_rle.obj (.text:__TI_decompress_rle_core)
                  0000d622    0000005e                     : autoinit.obj (.text:_auto_init)
                  0000d680    0000005c                     : lsr32.obj (.text:l_lsr_const)
                  0000d6dc    0000004c                     : lsr16.obj (.text)
                  0000d728    0000003e                     : asr32.obj (.text:l_asr_const)
                  0000d766    0000003e                     : lsl32.obj (.text:l_lsl_const)
                  0000d7a4    0000003e     main.obj (.text:main)
                  0000d7e2    0000002c     rts430_eabi.lib : asr16.obj (.text)
                  0000d80e    0000002c                     : lsl16.obj (.text)
                  0000d83a    00000026                     : mult32.obj (.text)
                  0000d860    00000022     sensors.obj (.text:ADCChannelSelect)
                  0000d882    0000001a     rts430_eabi.lib : boot.obj (.text:_c_int00_noexit)
                  0000d89c    00000014                     : copy_zero_init.obj (.text:decompress:ZI:__TI_zero_init)
                  0000d8b0    00000014                     : mult16.obj (.text)
                  0000d8c4    00000012                     : fixdu.obj (.text:__mspabi_fixdu)
                  0000d8d6    00000012                     : copy_decompress_none.obj (.text:decompress:none:__TI_decompress_none)
                  0000d8e8    00000012                     : lsr32.obj (.text:l_lsr)
                  0000d8fa    00000012                     : memcpy.obj (.text:memcpy)
                  0000d90c    00000010                     : asr32.obj (.text:l_asr)
                  0000d91c    00000010                     : lsl32.obj (.text:l_lsl)
                  0000d92c    00000010                     : epilog.obj (.text)
                  0000d93c    00000006                     : isr_trap.obj (.text:__TI_ISR_TRAP)
                  0000d942    00000006                     : fltud.obj (.text:__mspabi_fltud)
                  0000d948    00000006                     : copy_decompress_rle.obj (.text:decompress:rle24:__TI_decompress_rle24)
                  0000d94e    00000004                     : pre_init.obj (.text:_system_pre_init)
                  0000d952    00000004                     : exit.obj (.text:abort)

.const     0    0000d956    00000036     
                  0000d956    0000001e     m24lr_xx_i2c.obj (.const:$P$T0$1$0)
                  0000d974    00000018     m24lr_xx_i2c.obj (.const:NDEF_HEAD)

.cinit     0    0000d98c    0000001a     
                  0000d98c    00000007     (.cinit..data.load) [load image]
                  0000d993    00000001     --HOLE-- [fill = 0]
                  0000d994    00000006     (__TI_handler_table)
                  0000d99a    00000004     (.cinit..bss.load) [load image, compression = zero_init]
                  0000d99e    00000008     (__TI_cinit_table)

PORT1      0    0000ffe4    00000002     
                  0000ffe4    00000002     rts430_eabi.lib : int02.obj (.int02)

PORT2      0    0000ffe6    00000002     
                  0000ffe6    00000002     rts430_eabi.lib : int03.obj (.int03)

ADC10      0    0000ffea    00000002     
                  0000ffea    00000002     rts430_eabi.lib : int05.obj (.int05)

USCIAB0TX 
*          0    0000ffec    00000002     
                  0000ffec    00000002     rts430_eabi.lib : int06.obj (.int06)

USCIAB0RX 
*          0    0000ffee    00000002     
                  0000ffee    00000002     rts430_eabi.lib : int07.obj (.int07)

TIMER0_A1 
*          0    0000fff0    00000002     
                  0000fff0    00000002     rts430_eabi.lib : int08.obj (.int08)

TIMER0_A0 
*          0    0000fff2    00000002     
                  0000fff2    00000002     rts430_eabi.lib : int09.obj (.int09)

WDT        0    0000fff4    00000002     
                  0000fff4    00000002     <whole-program> (.int10)

COMPARATORA 
*          0    0000fff6    00000002     
                  0000fff6    00000002     rts430_eabi.lib : int11.obj (.int11)

TIMER1_A1 
*          0    0000fff8    00000002     
                  0000fff8    00000002     rts430_eabi.lib : int12.obj (.int12)

TIMER1_A0 
*          0    0000fffa    00000002     
                  0000fffa    00000002     rts430_eabi.lib : int13.obj (.int13)

NMI        0    0000fffc    00000002     
                  0000fffc    00000002     rts430_eabi.lib : int14.obj (.int14)

.reset     0    0000fffe    00000002     
                  0000fffe    00000002     rts430_eabi.lib : boot.obj (.reset)


LINKER GENERATED COPY TABLES

__TI_cinit_table @ 0000d99e records: 2, size/record: 4, table size: 8
	.data: load addr=0000d98c, load size=00000007 bytes, run addr=00000206, run size=00000003 bytes, compression=copy
	.bss: load addr=0000d99a, load size=00000004 bytes, run addr=00000200, run size=00000006 bytes, compression=zero_init


LINKER GENERATED HANDLER TABLE

__TI_handler_table @ 0000d994 records: 3, size/record: 2, table size: 6
	index: 0, handler: __TI_zero_init
	index: 1, handler: __TI_decompress_rle24
	index: 2, handler: __TI_decompress_none


GLOBAL SYMBOLS: SORTED ALPHABETICALLY BY Name 

address    name
--------   ----
0000004a   ADC10AE0
000001b0   ADC10CTL0
000001b2   ADC10CTL1
00000048   ADC10DTC0
00000049   ADC10DTC1
000001b4   ADC10MEM
000001bc   ADC10SA
0000d860   ADCChannelSelect
00000057   BCSCTL1
00000058   BCSCTL2
00000053   BCSCTL3
0000d952   C$$EXIT
00000059   CACTL1
0000005a   CACTL2
000010fb   CALBC1_12MHZ
000010f9   CALBC1_16MHZ
000010ff   CALBC1_1MHZ
000010fd   CALBC1_8MHZ
000010fa   CALDCO_12MHZ
000010f8   CALDCO_16MHZ
000010fe   CALDCO_1MHZ
000010fc   CALDCO_8MHZ
0000005b   CAPD
00000056   DCOCTL
00000128   FCTL1
0000012a   FCTL2
0000012c   FCTL3
0000d552   I2C_TO_M24LRXX
00000000   IE1
00000001   IE2
00000002   IFG1
00000003   IFG2
0000d34e   NDEF_ALIGN_SEND
0000d974   NDEF_HEAD
00000022   P1DIR
00000025   P1IE
00000024   P1IES
00000023   P1IFG
00000020   P1IN
00000021   P1OUT
00000027   P1REN
00000026   P1SEL
00000041   P1SEL2
0000002a   P2DIR
0000002d   P2IE
0000002c   P2IES
0000002b   P2IFG
00000028   P2IN
00000029   P2OUT
0000002f   P2REN
0000002e   P2SEL
00000042   P2SEL2
0000001a   P3DIR
00000018   P3IN
00000019   P3OUT
00000010   P3REN
0000001b   P3SEL
00000043   P3SEL2
00000207   PAY_VAL
00000206   PBW_VAL
00000172   TA0CCR0
00000174   TA0CCR1
00000176   TA0CCR2
00000162   TA0CCTL0
00000164   TA0CCTL1
00000166   TA0CCTL2
00000160   TA0CTL
0000012e   TA0IV
00000170   TA0R
00000192   TA1CCR0
00000194   TA1CCR1
00000196   TA1CCR2
00000182   TA1CCTL0
00000184   TA1CCTL1
00000186   TA1CCTL2
00000180   TA1CTL
0000011e   TA1IV
00000190   TA1R
000010db   TLV_ADC10_1_LEN
000010da   TLV_ADC10_1_TAG
000010c0   TLV_CHECKSUM
000010f7   TLV_DCO_30_LEN
000010f6   TLV_DCO_30_TAG
0000005d   UCA0ABCTL
00000062   UCA0BR0
00000063   UCA0BR1
00000060   UCA0CTL0
00000061   UCA0CTL1
0000005f   UCA0IRRCTL
0000005e   UCA0IRTCTL
00000064   UCA0MCTL
00000066   UCA0RXBUF
00000065   UCA0STAT
00000067   UCA0TXBUF
0000006a   UCB0BR0
0000006b   UCB0BR1
00000068   UCB0CTL0
00000069   UCB0CTL1
0000006c   UCB0I2CIE
00000118   UCB0I2COA
0000011a   UCB0I2CSA
0000006e   UCB0RXBUF
0000006d   UCB0STAT
0000006f   UCB0TXBUF
00000120   WDTCTL
00000400   __STACK_END
00000050   __STACK_SIZE
0000d99e   __TI_CINIT_Base
0000d9a6   __TI_CINIT_Limit
0000d994   __TI_Handler_Table_Base
0000d99a   __TI_Handler_Table_Limit
UNDEFED    __TI_INITARRAY_Base
UNDEFED    __TI_INITARRAY_Limit
0000d93c   __TI_ISR_TRAP
00000001   __TI_args_main
0000d8d6   __TI_decompress_none
0000d948   __TI_decompress_rle24
00000001   __TI_exit
0000ccac   __TI_frcaddd
0000c000   __TI_frcdivd
0000c462   __TI_frcmpyd
0000ffe4   __TI_int02
0000ffe6   __TI_int03
0000ffea   __TI_int05
0000ffec   __TI_int06
0000ffee   __TI_int07
0000fff0   __TI_int08
0000fff2   __TI_int09
0000fff4   __TI_int10
0000fff6   __TI_int11
0000fff8   __TI_int12
0000fffa   __TI_int13
0000fffc   __TI_int14
0000d290   __TI_renormd
0000d89c   __TI_zero_init
ffffffff   __binit__
ffffffff   __c_args__
0000c756   __mspabi_addd
0000cf0c   __mspabi_divd
0000d8c4   __mspabi_fixdu
0000d4de   __mspabi_fixdul
0000d942   __mspabi_fltud
0000d3e4   __mspabi_fltuld
0000d938   __mspabi_func_epilog_1
0000d936   __mspabi_func_epilog_2
0000d934   __mspabi_func_epilog_3
0000d932   __mspabi_func_epilog_4
0000d930   __mspabi_func_epilog_5
0000d92e   __mspabi_func_epilog_6
0000d92c   __mspabi_func_epilog_7
0000ca3e   __mspabi_mpyd
0000d8b0   __mspabi_mpyi
0000d83a   __mspabi_mpyl
0000d80e   __mspabi_slli
0000d836   __mspabi_slli_1
0000d824   __mspabi_slli_10
0000d822   __mspabi_slli_11
0000d820   __mspabi_slli_12
0000d81e   __mspabi_slli_13
0000d81c   __mspabi_slli_14
0000d81a   __mspabi_slli_15
0000d834   __mspabi_slli_2
0000d832   __mspabi_slli_3
0000d830   __mspabi_slli_4
0000d82e   __mspabi_slli_5
0000d82c   __mspabi_slli_6
0000d82a   __mspabi_slli_7
0000d828   __mspabi_slli_8
0000d826   __mspabi_slli_9
0000d91c   __mspabi_slll
0000d79e   __mspabi_slll_1
0000d77a   __mspabi_slll_10
0000d776   __mspabi_slll_11
0000d772   __mspabi_slll_12
0000d76e   __mspabi_slll_13
0000d76a   __mspabi_slll_14
0000d766   __mspabi_slll_15
0000d79a   __mspabi_slll_2
0000d796   __mspabi_slll_3
0000d792   __mspabi_slll_4
0000d78e   __mspabi_slll_5
0000d78a   __mspabi_slll_6
0000d786   __mspabi_slll_7
0000d782   __mspabi_slll_8
0000d77e   __mspabi_slll_9
0000d7e2   __mspabi_srai
0000d80a   __mspabi_srai_1
0000d7f8   __mspabi_srai_10
0000d7f6   __mspabi_srai_11
0000d7f4   __mspabi_srai_12
0000d7f2   __mspabi_srai_13
0000d7f0   __mspabi_srai_14
0000d7ee   __mspabi_srai_15
0000d808   __mspabi_srai_2
0000d806   __mspabi_srai_3
0000d804   __mspabi_srai_4
0000d802   __mspabi_srai_5
0000d800   __mspabi_srai_6
0000d7fe   __mspabi_srai_7
0000d7fc   __mspabi_srai_8
0000d7fa   __mspabi_srai_9
0000d90c   __mspabi_sral
0000d760   __mspabi_sral_1
0000d73c   __mspabi_sral_10
0000d738   __mspabi_sral_11
0000d734   __mspabi_sral_12
0000d730   __mspabi_sral_13
0000d72c   __mspabi_sral_14
0000d728   __mspabi_sral_15
0000d75c   __mspabi_sral_2
0000d758   __mspabi_sral_3
0000d754   __mspabi_sral_4
0000d750   __mspabi_sral_5
0000d74c   __mspabi_sral_6
0000d748   __mspabi_sral_7
0000d744   __mspabi_sral_8
0000d740   __mspabi_sral_9
0000d6dc   __mspabi_srli
0000d722   __mspabi_srli_1
0000d6fe   __mspabi_srli_10
0000d6fa   __mspabi_srli_11
0000d6f6   __mspabi_srli_12
0000d6f2   __mspabi_srli_13
0000d6ee   __mspabi_srli_14
0000d6ea   __mspabi_srli_15
0000d71e   __mspabi_srli_2
0000d71a   __mspabi_srli_3
0000d716   __mspabi_srli_4
0000d712   __mspabi_srli_5
0000d70e   __mspabi_srli_6
0000d70a   __mspabi_srli_7
0000d706   __mspabi_srli_8
0000d702   __mspabi_srli_9
0000d8e8   __mspabi_srll
0000d6d4   __mspabi_srll_1
0000d69e   __mspabi_srll_10
0000d698   __mspabi_srll_11
0000d692   __mspabi_srll_12
0000d68c   __mspabi_srll_13
0000d686   __mspabi_srll_14
0000d680   __mspabi_srll_15
0000d6ce   __mspabi_srll_2
0000d6c8   __mspabi_srll_3
0000d6c2   __mspabi_srll_4
0000d6bc   __mspabi_srll_5
0000d6b6   __mspabi_srll_6
0000d6b0   __mspabi_srll_7
0000d6aa   __mspabi_srll_8
0000d6a4   __mspabi_srll_9
0000d622   _auto_init
0000d882   _c_int00
0000d882   _c_int00_noexit
0000fffe   _reset_vector
000003b0   _stack
0000d94e   _system_pre_init
0000d952   abort
ffffffff   binit
00000208   g_addr
00000204   g_bpm
00000200   g_delay
0000d7a4   main
0000d144   measHRTR
0000d8fa   memcpy
0000d464   watchdog_timer


GLOBAL SYMBOLS: SORTED BY Symbol Address 

address    name
--------   ----
00000000   IE1
00000001   IE2
00000001   __TI_args_main
00000001   __TI_exit
00000002   IFG1
00000003   IFG2
00000010   P3REN
00000018   P3IN
00000019   P3OUT
0000001a   P3DIR
0000001b   P3SEL
00000020   P1IN
00000021   P1OUT
00000022   P1DIR
00000023   P1IFG
00000024   P1IES
00000025   P1IE
00000026   P1SEL
00000027   P1REN
00000028   P2IN
00000029   P2OUT
0000002a   P2DIR
0000002b   P2IFG
0000002c   P2IES
0000002d   P2IE
0000002e   P2SEL
0000002f   P2REN
00000041   P1SEL2
00000042   P2SEL2
00000043   P3SEL2
00000048   ADC10DTC0
00000049   ADC10DTC1
0000004a   ADC10AE0
00000050   __STACK_SIZE
00000053   BCSCTL3
00000056   DCOCTL
00000057   BCSCTL1
00000058   BCSCTL2
00000059   CACTL1
0000005a   CACTL2
0000005b   CAPD
0000005d   UCA0ABCTL
0000005e   UCA0IRTCTL
0000005f   UCA0IRRCTL
00000060   UCA0CTL0
00000061   UCA0CTL1
00000062   UCA0BR0
00000063   UCA0BR1
00000064   UCA0MCTL
00000065   UCA0STAT
00000066   UCA0RXBUF
00000067   UCA0TXBUF
00000068   UCB0CTL0
00000069   UCB0CTL1
0000006a   UCB0BR0
0000006b   UCB0BR1
0000006c   UCB0I2CIE
0000006d   UCB0STAT
0000006e   UCB0RXBUF
0000006f   UCB0TXBUF
00000118   UCB0I2COA
0000011a   UCB0I2CSA
0000011e   TA1IV
00000120   WDTCTL
00000128   FCTL1
0000012a   FCTL2
0000012c   FCTL3
0000012e   TA0IV
00000160   TA0CTL
00000162   TA0CCTL0
00000164   TA0CCTL1
00000166   TA0CCTL2
00000170   TA0R
00000172   TA0CCR0
00000174   TA0CCR1
00000176   TA0CCR2
00000180   TA1CTL
00000182   TA1CCTL0
00000184   TA1CCTL1
00000186   TA1CCTL2
00000190   TA1R
00000192   TA1CCR0
00000194   TA1CCR1
00000196   TA1CCR2
000001b0   ADC10CTL0
000001b2   ADC10CTL1
000001b4   ADC10MEM
000001bc   ADC10SA
00000200   g_delay
00000204   g_bpm
00000206   PBW_VAL
00000207   PAY_VAL
00000208   g_addr
000003b0   _stack
00000400   __STACK_END
000010c0   TLV_CHECKSUM
000010da   TLV_ADC10_1_TAG
000010db   TLV_ADC10_1_LEN
000010f6   TLV_DCO_30_TAG
000010f7   TLV_DCO_30_LEN
000010f8   CALDCO_16MHZ
000010f9   CALBC1_16MHZ
000010fa   CALDCO_12MHZ
000010fb   CALBC1_12MHZ
000010fc   CALDCO_8MHZ
000010fd   CALBC1_8MHZ
000010fe   CALDCO_1MHZ
000010ff   CALBC1_1MHZ
0000c000   __TI_frcdivd
0000c462   __TI_frcmpyd
0000c756   __mspabi_addd
0000ca3e   __mspabi_mpyd
0000ccac   __TI_frcaddd
0000cf0c   __mspabi_divd
0000d144   measHRTR
0000d290   __TI_renormd
0000d34e   NDEF_ALIGN_SEND
0000d3e4   __mspabi_fltuld
0000d464   watchdog_timer
0000d4de   __mspabi_fixdul
0000d552   I2C_TO_M24LRXX
0000d622   _auto_init
0000d680   __mspabi_srll_15
0000d686   __mspabi_srll_14
0000d68c   __mspabi_srll_13
0000d692   __mspabi_srll_12
0000d698   __mspabi_srll_11
0000d69e   __mspabi_srll_10
0000d6a4   __mspabi_srll_9
0000d6aa   __mspabi_srll_8
0000d6b0   __mspabi_srll_7
0000d6b6   __mspabi_srll_6
0000d6bc   __mspabi_srll_5
0000d6c2   __mspabi_srll_4
0000d6c8   __mspabi_srll_3
0000d6ce   __mspabi_srll_2
0000d6d4   __mspabi_srll_1
0000d6dc   __mspabi_srli
0000d6ea   __mspabi_srli_15
0000d6ee   __mspabi_srli_14
0000d6f2   __mspabi_srli_13
0000d6f6   __mspabi_srli_12
0000d6fa   __mspabi_srli_11
0000d6fe   __mspabi_srli_10
0000d702   __mspabi_srli_9
0000d706   __mspabi_srli_8
0000d70a   __mspabi_srli_7
0000d70e   __mspabi_srli_6
0000d712   __mspabi_srli_5
0000d716   __mspabi_srli_4
0000d71a   __mspabi_srli_3
0000d71e   __mspabi_srli_2
0000d722   __mspabi_srli_1
0000d728   __mspabi_sral_15
0000d72c   __mspabi_sral_14
0000d730   __mspabi_sral_13
0000d734   __mspabi_sral_12
0000d738   __mspabi_sral_11
0000d73c   __mspabi_sral_10
0000d740   __mspabi_sral_9
0000d744   __mspabi_sral_8
0000d748   __mspabi_sral_7
0000d74c   __mspabi_sral_6
0000d750   __mspabi_sral_5
0000d754   __mspabi_sral_4
0000d758   __mspabi_sral_3
0000d75c   __mspabi_sral_2
0000d760   __mspabi_sral_1
0000d766   __mspabi_slll_15
0000d76a   __mspabi_slll_14
0000d76e   __mspabi_slll_13
0000d772   __mspabi_slll_12
0000d776   __mspabi_slll_11
0000d77a   __mspabi_slll_10
0000d77e   __mspabi_slll_9
0000d782   __mspabi_slll_8
0000d786   __mspabi_slll_7
0000d78a   __mspabi_slll_6
0000d78e   __mspabi_slll_5
0000d792   __mspabi_slll_4
0000d796   __mspabi_slll_3
0000d79a   __mspabi_slll_2
0000d79e   __mspabi_slll_1
0000d7a4   main
0000d7e2   __mspabi_srai
0000d7ee   __mspabi_srai_15
0000d7f0   __mspabi_srai_14
0000d7f2   __mspabi_srai_13
0000d7f4   __mspabi_srai_12
0000d7f6   __mspabi_srai_11
0000d7f8   __mspabi_srai_10
0000d7fa   __mspabi_srai_9
0000d7fc   __mspabi_srai_8
0000d7fe   __mspabi_srai_7
0000d800   __mspabi_srai_6
0000d802   __mspabi_srai_5
0000d804   __mspabi_srai_4
0000d806   __mspabi_srai_3
0000d808   __mspabi_srai_2
0000d80a   __mspabi_srai_1
0000d80e   __mspabi_slli
0000d81a   __mspabi_slli_15
0000d81c   __mspabi_slli_14
0000d81e   __mspabi_slli_13
0000d820   __mspabi_slli_12
0000d822   __mspabi_slli_11
0000d824   __mspabi_slli_10
0000d826   __mspabi_slli_9
0000d828   __mspabi_slli_8
0000d82a   __mspabi_slli_7
0000d82c   __mspabi_slli_6
0000d82e   __mspabi_slli_5
0000d830   __mspabi_slli_4
0000d832   __mspabi_slli_3
0000d834   __mspabi_slli_2
0000d836   __mspabi_slli_1
0000d83a   __mspabi_mpyl
0000d860   ADCChannelSelect
0000d882   _c_int00
0000d882   _c_int00_noexit
0000d89c   __TI_zero_init
0000d8b0   __mspabi_mpyi
0000d8c4   __mspabi_fixdu
0000d8d6   __TI_decompress_none
0000d8e8   __mspabi_srll
0000d8fa   memcpy
0000d90c   __mspabi_sral
0000d91c   __mspabi_slll
0000d92c   __mspabi_func_epilog_7
0000d92e   __mspabi_func_epilog_6
0000d930   __mspabi_func_epilog_5
0000d932   __mspabi_func_epilog_4
0000d934   __mspabi_func_epilog_3
0000d936   __mspabi_func_epilog_2
0000d938   __mspabi_func_epilog_1
0000d93c   __TI_ISR_TRAP
0000d942   __mspabi_fltud
0000d948   __TI_decompress_rle24
0000d94e   _system_pre_init
0000d952   C$$EXIT
0000d952   abort
0000d974   NDEF_HEAD
0000d994   __TI_Handler_Table_Base
0000d99a   __TI_Handler_Table_Limit
0000d99e   __TI_CINIT_Base
0000d9a6   __TI_CINIT_Limit
0000ffe4   __TI_int02
0000ffe6   __TI_int03
0000ffea   __TI_int05
0000ffec   __TI_int06
0000ffee   __TI_int07
0000fff0   __TI_int08
0000fff2   __TI_int09
0000fff4   __TI_int10
0000fff6   __TI_int11
0000fff8   __TI_int12
0000fffa   __TI_int13
0000fffc   __TI_int14
0000fffe   _reset_vector
ffffffff   __binit__
ffffffff   __c_args__
ffffffff   binit
UNDEFED    __TI_INITARRAY_Base
UNDEFED    __TI_INITARRAY_Limit

[264 symbols]
