<?xml version="1.0"?>
<link_info>
   <banner>MSP430 Linker PC v4.3.3</banner>
   <copyright>Copyright (c) 2003-2014 Texas Instruments Incorporated</copyright>
   <link_time>0x545307d8</link_time>
   <link_errors>0x0</link_errors>
   <output_file>msp430g2553_ap_med_master.out</output_file>
   <entry_point>
      <name>_c_int00</name>
      <address>0xd874</address>
   </entry_point>
   <input_file_list>
      <input_file id="fl-33">
         <path>D:\TexasInstruments\ccsv6\tools\compiler\msp430_4.3.3\lib\</path>
         <kind>archive</kind>
         <file>rts430_eabi.lib</file>
         <name>asr16.obj</name>
      </input_file>
      <input_file id="fl-34">
         <path>D:\TexasInstruments\ccsv6\tools\compiler\msp430_4.3.3\lib\</path>
         <kind>archive</kind>
         <file>rts430_eabi.lib</file>
         <name>boot.obj</name>
      </input_file>
      <input_file id="fl-39">
         <path>D:\TexasInstruments\ccsv6\tools\compiler\msp430_4.3.3\lib\</path>
         <kind>archive</kind>
         <file>rts430_eabi.lib</file>
         <name>epilog.obj</name>
      </input_file>
      <input_file id="fl-3a">
         <path>D:\TexasInstruments\ccsv6\tools\compiler\msp430_4.3.3\lib\</path>
         <kind>archive</kind>
         <file>rts430_eabi.lib</file>
         <name>exit.obj</name>
      </input_file>
      <input_file id="fl-41">
         <path>D:\TexasInstruments\ccsv6\tools\compiler\msp430_4.3.3\lib\</path>
         <kind>archive</kind>
         <file>rts430_eabi.lib</file>
         <name>fs_mpy.obj</name>
      </input_file>
      <input_file id="fl-42">
         <path>D:\TexasInstruments\ccsv6\tools\compiler\msp430_4.3.3\lib\</path>
         <kind>archive</kind>
         <file>rts430_eabi.lib</file>
         <name>fs_tou.obj</name>
      </input_file>
      <input_file id="fl-43">
         <path>D:\TexasInstruments\ccsv6\tools\compiler\msp430_4.3.3\lib\</path>
         <kind>archive</kind>
         <file>rts430_eabi.lib</file>
         <name>fs_utof.obj</name>
      </input_file>
      <input_file id="fl-44">
         <path>D:\TexasInstruments\ccsv6\tools\compiler\msp430_4.3.3\lib\</path>
         <kind>archive</kind>
         <file>rts430_eabi.lib</file>
         <name>int02.obj</name>
      </input_file>
      <input_file id="fl-45">
         <path>D:\TexasInstruments\ccsv6\tools\compiler\msp430_4.3.3\lib\</path>
         <kind>archive</kind>
         <file>rts430_eabi.lib</file>
         <name>int03.obj</name>
      </input_file>
      <input_file id="fl-46">
         <path>D:\TexasInstruments\ccsv6\tools\compiler\msp430_4.3.3\lib\</path>
         <kind>archive</kind>
         <file>rts430_eabi.lib</file>
         <name>int05.obj</name>
      </input_file>
      <input_file id="fl-47">
         <path>D:\TexasInstruments\ccsv6\tools\compiler\msp430_4.3.3\lib\</path>
         <kind>archive</kind>
         <file>rts430_eabi.lib</file>
         <name>int06.obj</name>
      </input_file>
      <input_file id="fl-48">
         <path>D:\TexasInstruments\ccsv6\tools\compiler\msp430_4.3.3\lib\</path>
         <kind>archive</kind>
         <file>rts430_eabi.lib</file>
         <name>int07.obj</name>
      </input_file>
      <input_file id="fl-49">
         <path>D:\TexasInstruments\ccsv6\tools\compiler\msp430_4.3.3\lib\</path>
         <kind>archive</kind>
         <file>rts430_eabi.lib</file>
         <name>int08.obj</name>
      </input_file>
      <input_file id="fl-4a">
         <path>D:\TexasInstruments\ccsv6\tools\compiler\msp430_4.3.3\lib\</path>
         <kind>archive</kind>
         <file>rts430_eabi.lib</file>
         <name>int09.obj</name>
      </input_file>
      <input_file id="fl-4b">
         <path>D:\TexasInstruments\ccsv6\tools\compiler\msp430_4.3.3\lib\</path>
         <kind>archive</kind>
         <file>rts430_eabi.lib</file>
         <name>int11.obj</name>
      </input_file>
      <input_file id="fl-4c">
         <path>D:\TexasInstruments\ccsv6\tools\compiler\msp430_4.3.3\lib\</path>
         <kind>archive</kind>
         <file>rts430_eabi.lib</file>
         <name>int12.obj</name>
      </input_file>
      <input_file id="fl-4d">
         <path>D:\TexasInstruments\ccsv6\tools\compiler\msp430_4.3.3\lib\</path>
         <kind>archive</kind>
         <file>rts430_eabi.lib</file>
         <name>int13.obj</name>
      </input_file>
      <input_file id="fl-4e">
         <path>D:\TexasInstruments\ccsv6\tools\compiler\msp430_4.3.3\lib\</path>
         <kind>archive</kind>
         <file>rts430_eabi.lib</file>
         <name>int14.obj</name>
      </input_file>
      <input_file id="fl-4f">
         <path>D:\TexasInstruments\ccsv6\tools\compiler\msp430_4.3.3\lib\</path>
         <kind>archive</kind>
         <file>rts430_eabi.lib</file>
         <name>isr_trap.obj</name>
      </input_file>
      <input_file id="fl-50">
         <path>D:\TexasInstruments\ccsv6\tools\compiler\msp430_4.3.3\lib\</path>
         <kind>archive</kind>
         <file>rts430_eabi.lib</file>
         <name>lsl16.obj</name>
      </input_file>
      <input_file id="fl-51">
         <path>D:\TexasInstruments\ccsv6\tools\compiler\msp430_4.3.3\lib\</path>
         <kind>archive</kind>
         <file>rts430_eabi.lib</file>
         <name>lsl32.obj</name>
      </input_file>
      <input_file id="fl-52">
         <path>D:\TexasInstruments\ccsv6\tools\compiler\msp430_4.3.3\lib\</path>
         <kind>archive</kind>
         <file>rts430_eabi.lib</file>
         <name>lsr16.obj</name>
      </input_file>
      <input_file id="fl-53">
         <path>D:\TexasInstruments\ccsv6\tools\compiler\msp430_4.3.3\lib\</path>
         <kind>archive</kind>
         <file>rts430_eabi.lib</file>
         <name>lsr32.obj</name>
      </input_file>
      <input_file id="fl-57">
         <path>D:\TexasInstruments\ccsv6\tools\compiler\msp430_4.3.3\lib\</path>
         <kind>archive</kind>
         <file>rts430_eabi.lib</file>
         <name>mult16.obj</name>
      </input_file>
      <input_file id="fl-58">
         <path>D:\TexasInstruments\ccsv6\tools\compiler\msp430_4.3.3\lib\</path>
         <kind>archive</kind>
         <file>rts430_eabi.lib</file>
         <name>mult32.obj</name>
      </input_file>
      <input_file id="fl-5c">
         <path>D:\TexasInstruments\ccsv6\tools\compiler\msp430_4.3.3\lib\</path>
         <kind>archive</kind>
         <file>rts430_eabi.lib</file>
         <name>args_main.obj</name>
      </input_file>
      <input_file id="fl-5d">
         <path>D:\TexasInstruments\ccsv6\tools\compiler\msp430_4.3.3\lib\</path>
         <kind>archive</kind>
         <file>rts430_eabi.lib</file>
         <name>asr32.obj</name>
      </input_file>
      <input_file id="fl-5e">
         <path>D:\TexasInstruments\ccsv6\tools\compiler\msp430_4.3.3\lib\</path>
         <kind>archive</kind>
         <file>rts430_eabi.lib</file>
         <name>autoinit.obj</name>
      </input_file>
      <input_file id="fl-60">
         <path>C:\Users\Kirill\AppData\Local\Temp\</path>
         <kind>object</kind>
         <file>034202</file>
         <name>034202</name>
      </input_file>
      <input_file id="fl-61">
         <path>D:\TexasInstruments\ccsv6\tools\compiler\msp430_4.3.3\lib\</path>
         <kind>archive</kind>
         <file>rts430_eabi.lib</file>
         <name>addd.obj</name>
      </input_file>
      <input_file id="fl-62">
         <path>D:\TexasInstruments\ccsv6\tools\compiler\msp430_4.3.3\lib\</path>
         <kind>archive</kind>
         <file>rts430_eabi.lib</file>
         <name>copy_decompress_none.obj</name>
      </input_file>
      <input_file id="fl-63">
         <path>D:\TexasInstruments\ccsv6\tools\compiler\msp430_4.3.3\lib\</path>
         <kind>archive</kind>
         <file>rts430_eabi.lib</file>
         <name>copy_decompress_rle.obj</name>
      </input_file>
      <input_file id="fl-64">
         <path>D:\TexasInstruments\ccsv6\tools\compiler\msp430_4.3.3\lib\</path>
         <kind>archive</kind>
         <file>rts430_eabi.lib</file>
         <name>copy_zero_init.obj</name>
      </input_file>
      <input_file id="fl-65">
         <path>D:\TexasInstruments\ccsv6\tools\compiler\msp430_4.3.3\lib\</path>
         <kind>archive</kind>
         <file>rts430_eabi.lib</file>
         <name>divd.obj</name>
      </input_file>
      <input_file id="fl-66">
         <path>D:\TexasInstruments\ccsv6\tools\compiler\msp430_4.3.3\lib\</path>
         <kind>archive</kind>
         <file>rts430_eabi.lib</file>
         <name>fixdu.obj</name>
      </input_file>
      <input_file id="fl-67">
         <path>D:\TexasInstruments\ccsv6\tools\compiler\msp430_4.3.3\lib\</path>
         <kind>archive</kind>
         <file>rts430_eabi.lib</file>
         <name>fixdul.obj</name>
      </input_file>
      <input_file id="fl-68">
         <path>D:\TexasInstruments\ccsv6\tools\compiler\msp430_4.3.3\lib\</path>
         <kind>archive</kind>
         <file>rts430_eabi.lib</file>
         <name>fltud.obj</name>
      </input_file>
      <input_file id="fl-69">
         <path>D:\TexasInstruments\ccsv6\tools\compiler\msp430_4.3.3\lib\</path>
         <kind>archive</kind>
         <file>rts430_eabi.lib</file>
         <name>fltuld.obj</name>
      </input_file>
      <input_file id="fl-6a">
         <path>D:\TexasInstruments\ccsv6\tools\compiler\msp430_4.3.3\lib\</path>
         <kind>archive</kind>
         <file>rts430_eabi.lib</file>
         <name>frcaddd.obj</name>
      </input_file>
      <input_file id="fl-6b">
         <path>D:\TexasInstruments\ccsv6\tools\compiler\msp430_4.3.3\lib\</path>
         <kind>archive</kind>
         <file>rts430_eabi.lib</file>
         <name>frcdivd.obj</name>
      </input_file>
      <input_file id="fl-6c">
         <path>D:\TexasInstruments\ccsv6\tools\compiler\msp430_4.3.3\lib\</path>
         <kind>archive</kind>
         <file>rts430_eabi.lib</file>
         <name>memcpy.obj</name>
      </input_file>
      <input_file id="fl-6d">
         <path>D:\TexasInstruments\ccsv6\tools\compiler\msp430_4.3.3\lib\</path>
         <kind>archive</kind>
         <file>rts430_eabi.lib</file>
         <name>mpyd.obj</name>
      </input_file>
      <input_file id="fl-6e">
         <path>D:\TexasInstruments\ccsv6\tools\compiler\msp430_4.3.3\lib\</path>
         <kind>archive</kind>
         <file>rts430_eabi.lib</file>
         <name>renormd.obj</name>
      </input_file>
      <input_file id="fl-6f">
         <path>D:\TexasInstruments\ccsv6\tools\compiler\msp430_4.3.3\lib\</path>
         <kind>archive</kind>
         <file>rts430_eabi.lib</file>
         <name>frcmpyd.obj</name>
      </input_file>
   </input_file_list>
   <object_component_list>
      <object_component id="oc-52">
         <name>.stack</name>
         <uninitialized>true</uninitialized>
         <run_address>0x3b0</run_address>
         <size>0x2</size>
         <input_file_ref idref="fl-34"/>
      </object_component>
      <object_component id="oc-1fc">
         <name>.stack</name>
         <uninitialized>true</uninitialized>
         <run_address>0x3b0</run_address>
         <size>0x0</size>
      </object_component>
      <object_component id="oc-153">
         <name>.text:__TI_frcdivd</name>
         <load_address>0xc000</load_address>
         <run_address>0xc000</run_address>
         <size>0x462</size>
         <input_file_ref idref="fl-6b"/>
      </object_component>
      <object_component id="oc-146">
         <name>.text:__TI_frcmpyd</name>
         <load_address>0xc462</load_address>
         <run_address>0xc462</run_address>
         <size>0x2f4</size>
         <input_file_ref idref="fl-6f"/>
      </object_component>
      <object_component id="oc-f7">
         <name>.text:__mspabi_addd</name>
         <load_address>0xc756</load_address>
         <run_address>0xc756</run_address>
         <size>0x2e8</size>
         <input_file_ref idref="fl-61"/>
      </object_component>
      <object_component id="oc-fd">
         <name>.text:__mspabi_mpyd</name>
         <load_address>0xca3e</load_address>
         <run_address>0xca3e</run_address>
         <size>0x26e</size>
         <input_file_ref idref="fl-6d"/>
      </object_component>
      <object_component id="oc-134">
         <name>.text:__TI_frcaddd</name>
         <load_address>0xccac</load_address>
         <run_address>0xccac</run_address>
         <size>0x260</size>
         <input_file_ref idref="fl-6a"/>
      </object_component>
      <object_component id="oc-103">
         <name>.text:__mspabi_divd</name>
         <load_address>0xcf0c</load_address>
         <run_address>0xcf0c</run_address>
         <size>0x238</size>
         <input_file_ref idref="fl-65"/>
      </object_component>
      <object_component id="oc-a8">
         <name>.text:measHRTR</name>
         <load_address>0xd144</load_address>
         <run_address>0xd144</run_address>
         <size>0x140</size>
         <input_file_ref idref="fl-4"/>
      </object_component>
      <object_component id="oc-185">
         <name>.text:__TI_renormd</name>
         <load_address>0xd284</load_address>
         <run_address>0xd284</run_address>
         <size>0xbe</size>
         <input_file_ref idref="fl-6e"/>
      </object_component>
      <object_component id="oc-b3">
         <name>.text:NDEF_ALIGN_SEND</name>
         <load_address>0xd342</load_address>
         <run_address>0xd342</run_address>
         <size>0x94</size>
         <input_file_ref idref="fl-2"/>
      </object_component>
      <object_component id="oc-127">
         <name>.text:__mspabi_fltuld</name>
         <load_address>0xd3d6</load_address>
         <run_address>0xd3d6</run_address>
         <size>0x80</size>
         <input_file_ref idref="fl-69"/>
      </object_component>
      <object_component id="oc-5b">
         <name>.text:watchdog_timer</name>
         <load_address>0xd456</load_address>
         <run_address>0xd456</run_address>
         <size>0x7a</size>
         <input_file_ref idref="fl-3"/>
      </object_component>
      <object_component id="oc-15b">
         <name>.text:__mspabi_fixdul</name>
         <load_address>0xd4d0</load_address>
         <run_address>0xd4d0</run_address>
         <size>0x74</size>
         <input_file_ref idref="fl-67"/>
      </object_component>
      <object_component id="oc-c7">
         <name>.text:I2C_TO_M24LRXX</name>
         <load_address>0xd544</load_address>
         <run_address>0xd544</run_address>
         <size>0x72</size>
         <input_file_ref idref="fl-2"/>
      </object_component>
      <object_component id="oc-8e">
         <name>.text:__TI_decompress_rle_core</name>
         <load_address>0xd5b6</load_address>
         <run_address>0xd5b6</run_address>
         <size>0x5e</size>
         <input_file_ref idref="fl-63"/>
      </object_component>
      <object_component id="oc-67">
         <name>.text:_auto_init</name>
         <load_address>0xd614</load_address>
         <run_address>0xd614</run_address>
         <size>0x5e</size>
         <input_file_ref idref="fl-5e"/>
      </object_component>
      <object_component id="oc-16c">
         <name>.text:l_lsr_const</name>
         <load_address>0xd672</load_address>
         <run_address>0xd672</run_address>
         <size>0x5c</size>
         <input_file_ref idref="fl-53"/>
      </object_component>
      <object_component id="oc-14e">
         <name>.text</name>
         <load_address>0xd6ce</load_address>
         <run_address>0xd6ce</run_address>
         <size>0x4c</size>
         <input_file_ref idref="fl-52"/>
      </object_component>
      <object_component id="oc-195">
         <name>.text:l_asr_const</name>
         <load_address>0xd71a</load_address>
         <run_address>0xd71a</run_address>
         <size>0x3e</size>
         <input_file_ref idref="fl-5d"/>
      </object_component>
      <object_component id="oc-167">
         <name>.text:l_lsl_const</name>
         <load_address>0xd758</load_address>
         <run_address>0xd758</run_address>
         <size>0x3e</size>
         <input_file_ref idref="fl-51"/>
      </object_component>
      <object_component id="oc-6d">
         <name>.text:main</name>
         <load_address>0xd796</load_address>
         <run_address>0xd796</run_address>
         <size>0x3e</size>
         <input_file_ref idref="fl-3"/>
      </object_component>
      <object_component id="oc-12f">
         <name>.text</name>
         <load_address>0xd7d4</load_address>
         <run_address>0xd7d4</run_address>
         <size>0x2c</size>
         <input_file_ref idref="fl-33"/>
      </object_component>
      <object_component id="oc-13a">
         <name>.text</name>
         <load_address>0xd800</load_address>
         <run_address>0xd800</run_address>
         <size>0x2c</size>
         <input_file_ref idref="fl-50"/>
      </object_component>
      <object_component id="oc-190">
         <name>.text</name>
         <load_address>0xd82c</load_address>
         <run_address>0xd82c</run_address>
         <size>0x26</size>
         <input_file_ref idref="fl-58"/>
      </object_component>
      <object_component id="oc-eb">
         <name>.text:ADCChannelSelect</name>
         <load_address>0xd852</load_address>
         <run_address>0xd852</run_address>
         <size>0x22</size>
         <input_file_ref idref="fl-4"/>
      </object_component>
      <object_component id="oc-3a">
         <name>.text:_c_int00_noexit</name>
         <load_address>0xd874</load_address>
         <run_address>0xd874</run_address>
         <size>0x1a</size>
         <input_file_ref idref="fl-34"/>
      </object_component>
      <object_component id="oc-46">
         <name>.text:decompress:ZI:__TI_zero_init</name>
         <load_address>0xd88e</load_address>
         <run_address>0xd88e</run_address>
         <size>0x14</size>
         <input_file_ref idref="fl-64"/>
      </object_component>
      <object_component id="oc-19f">
         <name>.text</name>
         <load_address>0xd8a2</load_address>
         <run_address>0xd8a2</run_address>
         <size>0x14</size>
         <input_file_ref idref="fl-57"/>
      </object_component>
      <object_component id="oc-109">
         <name>.text:__mspabi_fixdu</name>
         <load_address>0xd8b6</load_address>
         <run_address>0xd8b6</run_address>
         <size>0x12</size>
         <input_file_ref idref="fl-66"/>
      </object_component>
      <object_component id="oc-40">
         <name>.text:decompress:none:__TI_decompress_none</name>
         <load_address>0xd8c8</load_address>
         <run_address>0xd8c8</run_address>
         <size>0x12</size>
         <input_file_ref idref="fl-62"/>
      </object_component>
      <object_component id="oc-17b">
         <name>.text:l_lsr</name>
         <load_address>0xd8da</load_address>
         <run_address>0xd8da</run_address>
         <size>0x12</size>
         <input_file_ref idref="fl-53"/>
      </object_component>
      <object_component id="oc-7a">
         <name>.text:memcpy</name>
         <load_address>0xd8ec</load_address>
         <run_address>0xd8ec</run_address>
         <size>0x12</size>
         <input_file_ref idref="fl-6c"/>
      </object_component>
      <object_component id="oc-180">
         <name>.text:l_asr</name>
         <load_address>0xd8fe</load_address>
         <run_address>0xd8fe</run_address>
         <size>0x10</size>
         <input_file_ref idref="fl-5d"/>
      </object_component>
      <object_component id="oc-176">
         <name>.text:l_lsl</name>
         <load_address>0xd90e</load_address>
         <run_address>0xd90e</run_address>
         <size>0x10</size>
         <input_file_ref idref="fl-51"/>
      </object_component>
      <object_component id="oc-bd">
         <name>.text</name>
         <load_address>0xd91e</load_address>
         <run_address>0xd91e</run_address>
         <size>0x10</size>
         <input_file_ref idref="fl-39"/>
      </object_component>
      <object_component id="oc-56">
         <name>.text:__TI_ISR_TRAP</name>
         <load_address>0xd92e</load_address>
         <run_address>0xd92e</run_address>
         <size>0x6</size>
         <input_file_ref idref="fl-4f"/>
      </object_component>
      <object_component id="oc-f1">
         <name>.text:__mspabi_fltud</name>
         <load_address>0xd934</load_address>
         <run_address>0xd934</run_address>
         <size>0x6</size>
         <input_file_ref idref="fl-68"/>
      </object_component>
      <object_component id="oc-4c">
         <name>.text:decompress:rle24:__TI_decompress_rle24</name>
         <load_address>0xd93a</load_address>
         <run_address>0xd93a</run_address>
         <size>0x6</size>
         <input_file_ref idref="fl-63"/>
      </object_component>
      <object_component id="oc-61">
         <name>.text:_system_pre_init</name>
         <load_address>0xd940</load_address>
         <run_address>0xd940</run_address>
         <size>0x4</size>
         <input_file_ref idref="fl-59"/>
      </object_component>
      <object_component id="oc-73">
         <name>.text:abort</name>
         <load_address>0xd944</load_address>
         <run_address>0xd944</run_address>
         <size>0x4</size>
         <input_file_ref idref="fl-3a"/>
      </object_component>
      <object_component id="oc-1fb">
         <name>.cinit..data.load</name>
         <load_address>0xd97e</load_address>
         <run_address>0xd97e</run_address>
         <size>0x7</size>
      </object_component>
      <object_component id="oc-1f8">
         <name>__TI_handler_table</name>
         <load_address>0xd986</load_address>
         <run_address>0xd986</run_address>
         <size>0x6</size>
      </object_component>
      <object_component id="oc-1fa">
         <name>.cinit..bss.load</name>
         <load_address>0xd98c</load_address>
         <run_address>0xd98c</run_address>
         <size>0x4</size>
      </object_component>
      <object_component id="oc-1f9">
         <name>__TI_cinit_table</name>
         <load_address>0xd990</load_address>
         <run_address>0xd990</run_address>
         <size>0x8</size>
      </object_component>
      <object_component id="oc-115">
         <name>.const:$P$T0$1$0</name>
         <load_address>0xd948</load_address>
         <run_address>0xd948</run_address>
         <size>0x1e</size>
         <input_file_ref idref="fl-2"/>
      </object_component>
      <object_component id="oc-c4">
         <name>.const:NDEF_HEAD</name>
         <load_address>0xd966</load_address>
         <run_address>0xd966</run_address>
         <size>0x18</size>
         <input_file_ref idref="fl-2"/>
      </object_component>
      <object_component id="oc-2e">
         <name>.int02</name>
         <load_address>0xffe4</load_address>
         <run_address>0xffe4</run_address>
         <size>0x2</size>
         <input_file_ref idref="fl-44"/>
      </object_component>
      <object_component id="oc-2f">
         <name>.int03</name>
         <load_address>0xffe6</load_address>
         <run_address>0xffe6</run_address>
         <size>0x2</size>
         <input_file_ref idref="fl-45"/>
      </object_component>
      <object_component id="oc-30">
         <name>.int05</name>
         <load_address>0xffea</load_address>
         <run_address>0xffea</run_address>
         <size>0x2</size>
         <input_file_ref idref="fl-46"/>
      </object_component>
      <object_component id="oc-31">
         <name>.int06</name>
         <load_address>0xffec</load_address>
         <run_address>0xffec</run_address>
         <size>0x2</size>
         <input_file_ref idref="fl-47"/>
      </object_component>
      <object_component id="oc-32">
         <name>.int07</name>
         <load_address>0xffee</load_address>
         <run_address>0xffee</run_address>
         <size>0x2</size>
         <input_file_ref idref="fl-48"/>
      </object_component>
      <object_component id="oc-33">
         <name>.int08</name>
         <load_address>0xfff0</load_address>
         <run_address>0xfff0</run_address>
         <size>0x2</size>
         <input_file_ref idref="fl-49"/>
      </object_component>
      <object_component id="oc-34">
         <name>.int09</name>
         <load_address>0xfff2</load_address>
         <run_address>0xfff2</run_address>
         <size>0x2</size>
         <input_file_ref idref="fl-4a"/>
      </object_component>
      <object_component id="oc-35">
         <name>.int10</name>
         <load_address>0xfff4</load_address>
         <run_address>0xfff4</run_address>
         <size>0x2</size>
         <input_file_ref idref="fl-60"/>
      </object_component>
      <object_component id="oc-36">
         <name>.int11</name>
         <load_address>0xfff6</load_address>
         <run_address>0xfff6</run_address>
         <size>0x2</size>
         <input_file_ref idref="fl-4b"/>
      </object_component>
      <object_component id="oc-37">
         <name>.int12</name>
         <load_address>0xfff8</load_address>
         <run_address>0xfff8</run_address>
         <size>0x2</size>
         <input_file_ref idref="fl-4c"/>
      </object_component>
      <object_component id="oc-38">
         <name>.int13</name>
         <load_address>0xfffa</load_address>
         <run_address>0xfffa</run_address>
         <size>0x2</size>
         <input_file_ref idref="fl-4d"/>
      </object_component>
      <object_component id="oc-39">
         <name>.int14</name>
         <load_address>0xfffc</load_address>
         <run_address>0xfffc</run_address>
         <size>0x2</size>
         <input_file_ref idref="fl-4e"/>
      </object_component>
      <object_component id="oc-55">
         <name>.reset</name>
         <load_address>0xfffe</load_address>
         <run_address>0xfffe</run_address>
         <size>0x2</size>
         <input_file_ref idref="fl-34"/>
      </object_component>
      <object_component id="oc-ce">
         <name>.common:g_delay</name>
         <uninitialized>true</uninitialized>
         <run_address>0x200</run_address>
         <size>0x4</size>
      </object_component>
      <object_component id="oc-af">
         <name>.common:g_bpm</name>
         <uninitialized>true</uninitialized>
         <run_address>0x204</run_address>
         <size>0x2</size>
      </object_component>
      <object_component id="oc-b0">
         <name>.data</name>
         <load_address>0x208</load_address>
         <run_address>0x208</run_address>
         <size>0x1</size>
         <input_file_ref idref="fl-3"/>
      </object_component>
      <object_component id="oc-112">
         <name>.data</name>
         <load_address>0x206</load_address>
         <run_address>0x206</run_address>
         <size>0x2</size>
         <input_file_ref idref="fl-2"/>
      </object_component>
      <object_component id="oc-3b">
         <name>.debug_line</name>
         <load_address>0x0</load_address>
         <run_address>0x0</run_address>
         <size>0x44</size>
         <input_file_ref idref="fl-34"/>
      </object_component>
      <object_component id="oc-41">
         <name>.debug_line</name>
         <load_address>0x44</load_address>
         <run_address>0x44</run_address>
         <size>0x50</size>
         <input_file_ref idref="fl-62"/>
      </object_component>
      <object_component id="oc-4b">
         <name>.debug_line</name>
         <load_address>0x94</load_address>
         <run_address>0x94</run_address>
         <size>0x4d</size>
         <input_file_ref idref="fl-64"/>
      </object_component>
      <object_component id="oc-51">
         <name>.debug_line</name>
         <load_address>0xe1</load_address>
         <run_address>0xe1</run_address>
         <size>0x49</size>
         <input_file_ref idref="fl-63"/>
      </object_component>
      <object_component id="oc-58">
         <name>.debug_line</name>
         <load_address>0x12a</load_address>
         <run_address>0x12a</run_address>
         <size>0x3c</size>
         <input_file_ref idref="fl-4f"/>
      </object_component>
      <object_component id="oc-5f">
         <name>.debug_line</name>
         <load_address>0x166</load_address>
         <run_address>0x166</run_address>
         <size>0x4a</size>
         <input_file_ref idref="fl-60"/>
      </object_component>
      <object_component id="oc-66">
         <name>.debug_line</name>
         <load_address>0x1b0</load_address>
         <run_address>0x1b0</run_address>
         <size>0x3e</size>
         <input_file_ref idref="fl-60"/>
      </object_component>
      <object_component id="oc-68">
         <name>.debug_line</name>
         <load_address>0x1ee</load_address>
         <run_address>0x1ee</run_address>
         <size>0x6b</size>
         <input_file_ref idref="fl-5e"/>
      </object_component>
      <object_component id="oc-71">
         <name>.debug_line</name>
         <load_address>0x259</load_address>
         <run_address>0x259</run_address>
         <size>0x6f</size>
         <input_file_ref idref="fl-60"/>
      </object_component>
      <object_component id="oc-76">
         <name>.debug_line</name>
         <load_address>0x2c8</load_address>
         <run_address>0x2c8</run_address>
         <size>0x3a</size>
         <input_file_ref idref="fl-3a"/>
      </object_component>
      <object_component id="oc-7b">
         <name>.debug_line</name>
         <load_address>0x302</load_address>
         <run_address>0x302</run_address>
         <size>0x45</size>
         <input_file_ref idref="fl-6c"/>
      </object_component>
      <object_component id="oc-84">
         <name>.debug_line</name>
         <load_address>0x347</load_address>
         <run_address>0x347</run_address>
         <size>0x3a</size>
         <input_file_ref idref="fl-62"/>
      </object_component>
      <object_component id="oc-8b">
         <name>.debug_line</name>
         <load_address>0x381</load_address>
         <run_address>0x381</run_address>
         <size>0x34</size>
         <input_file_ref idref="fl-60"/>
      </object_component>
      <object_component id="oc-90">
         <name>.debug_line</name>
         <load_address>0x3b5</load_address>
         <run_address>0x3b5</run_address>
         <size>0x81</size>
         <input_file_ref idref="fl-63"/>
      </object_component>
      <object_component id="oc-99">
         <name>.debug_line</name>
         <load_address>0x436</load_address>
         <run_address>0x436</run_address>
         <size>0x39</size>
         <input_file_ref idref="fl-63"/>
      </object_component>
      <object_component id="oc-9c">
         <name>.debug_line</name>
         <load_address>0x46f</load_address>
         <run_address>0x46f</run_address>
         <size>0x2a</size>
         <input_file_ref idref="fl-34"/>
      </object_component>
      <object_component id="oc-a0">
         <name>.debug_line</name>
         <load_address>0x499</load_address>
         <run_address>0x499</run_address>
         <size>0x20</size>
         <input_file_ref idref="fl-34"/>
      </object_component>
      <object_component id="oc-ac">
         <name>.debug_line</name>
         <load_address>0x4b9</load_address>
         <run_address>0x4b9</run_address>
         <size>0xa0</size>
         <input_file_ref idref="fl-60"/>
      </object_component>
      <object_component id="oc-b7">
         <name>.debug_line</name>
         <load_address>0x559</load_address>
         <run_address>0x559</run_address>
         <size>0x5b</size>
         <input_file_ref idref="fl-60"/>
      </object_component>
      <object_component id="oc-c1">
         <name>.debug_line</name>
         <load_address>0x5b4</load_address>
         <run_address>0x5b4</run_address>
         <size>0x40</size>
         <input_file_ref idref="fl-39"/>
      </object_component>
      <object_component id="oc-cb">
         <name>.debug_line</name>
         <load_address>0x5f4</load_address>
         <run_address>0x5f4</run_address>
         <size>0x70</size>
         <input_file_ref idref="fl-60"/>
      </object_component>
      <object_component id="oc-d6">
         <name>.debug_line</name>
         <load_address>0x664</load_address>
         <run_address>0x664</run_address>
         <size>0x44</size>
         <input_file_ref idref="fl-60"/>
      </object_component>
      <object_component id="oc-db">
         <name>.debug_line</name>
         <load_address>0x6a8</load_address>
         <run_address>0x6a8</run_address>
         <size>0x44</size>
         <input_file_ref idref="fl-62"/>
      </object_component>
      <object_component id="oc-de">
         <name>.debug_line</name>
         <load_address>0x6ec</load_address>
         <run_address>0x6ec</run_address>
         <size>0x44</size>
         <input_file_ref idref="fl-62"/>
      </object_component>
      <object_component id="oc-e0">
         <name>.debug_line</name>
         <load_address>0x730</load_address>
         <run_address>0x730</run_address>
         <size>0x20</size>
         <input_file_ref idref="fl-64"/>
      </object_component>
      <object_component id="oc-e3">
         <name>.debug_line</name>
         <load_address>0x750</load_address>
         <run_address>0x750</run_address>
         <size>0x20</size>
         <input_file_ref idref="fl-63"/>
      </object_component>
      <object_component id="oc-e5">
         <name>.debug_line</name>
         <load_address>0x770</load_address>
         <run_address>0x770</run_address>
         <size>0x93</size>
         <input_file_ref idref="fl-60"/>
      </object_component>
      <object_component id="oc-e9">
         <name>.debug_line</name>
         <load_address>0x803</load_address>
         <run_address>0x803</run_address>
         <size>0x6a</size>
         <input_file_ref idref="fl-60"/>
      </object_component>
      <object_component id="oc-ef">
         <name>.debug_line</name>
         <load_address>0x86d</load_address>
         <run_address>0x86d</run_address>
         <size>0x45</size>
         <input_file_ref idref="fl-60"/>
      </object_component>
      <object_component id="oc-f5">
         <name>.debug_line</name>
         <load_address>0x8b2</load_address>
         <run_address>0x8b2</run_address>
         <size>0x3d</size>
         <input_file_ref idref="fl-68"/>
      </object_component>
      <object_component id="oc-fb">
         <name>.debug_line</name>
         <load_address>0x8ef</load_address>
         <run_address>0x8ef</run_address>
         <size>0xcb</size>
         <input_file_ref idref="fl-61"/>
      </object_component>
      <object_component id="oc-102">
         <name>.debug_line</name>
         <load_address>0x9ba</load_address>
         <run_address>0x9ba</run_address>
         <size>0x103</size>
         <input_file_ref idref="fl-6d"/>
      </object_component>
      <object_component id="oc-108">
         <name>.debug_line</name>
         <load_address>0xabd</load_address>
         <run_address>0xabd</run_address>
         <size>0xe9</size>
         <input_file_ref idref="fl-65"/>
      </object_component>
      <object_component id="oc-10c">
         <name>.debug_line</name>
         <load_address>0xba6</load_address>
         <run_address>0xba6</run_address>
         <size>0x3d</size>
         <input_file_ref idref="fl-66"/>
      </object_component>
      <object_component id="oc-111">
         <name>.debug_line</name>
         <load_address>0xbe3</load_address>
         <run_address>0xbe3</run_address>
         <size>0x2d</size>
         <input_file_ref idref="fl-60"/>
      </object_component>
      <object_component id="oc-11b">
         <name>.debug_line</name>
         <load_address>0xc10</load_address>
         <run_address>0xc10</run_address>
         <size>0x2e</size>
         <input_file_ref idref="fl-5e"/>
      </object_component>
      <object_component id="oc-11f">
         <name>.debug_line</name>
         <load_address>0xc3e</load_address>
         <run_address>0xc3e</run_address>
         <size>0x2e</size>
         <input_file_ref idref="fl-5e"/>
      </object_component>
      <object_component id="oc-122">
         <name>.debug_line</name>
         <load_address>0xc6c</load_address>
         <run_address>0xc6c</run_address>
         <size>0x35</size>
         <input_file_ref idref="fl-60"/>
      </object_component>
      <object_component id="oc-125">
         <name>.debug_line</name>
         <load_address>0xca1</load_address>
         <run_address>0xca1</run_address>
         <size>0x20</size>
         <input_file_ref idref="fl-6c"/>
      </object_component>
      <object_component id="oc-12b">
         <name>.debug_line</name>
         <load_address>0xcc1</load_address>
         <run_address>0xcc1</run_address>
         <size>0x72</size>
         <input_file_ref idref="fl-69"/>
      </object_component>
      <object_component id="oc-130">
         <name>.debug_line</name>
         <load_address>0xd33</load_address>
         <run_address>0xd33</run_address>
         <size>0x4e</size>
         <input_file_ref idref="fl-33"/>
      </object_component>
      <object_component id="oc-135">
         <name>.debug_line</name>
         <load_address>0xd81</load_address>
         <run_address>0xd81</run_address>
         <size>0xfa</size>
         <input_file_ref idref="fl-6a"/>
      </object_component>
      <object_component id="oc-13b">
         <name>.debug_line</name>
         <load_address>0xe7b</load_address>
         <run_address>0xe7b</run_address>
         <size>0x4e</size>
         <input_file_ref idref="fl-50"/>
      </object_component>
      <object_component id="oc-144">
         <name>.debug_line</name>
         <load_address>0xec9</load_address>
         <run_address>0xec9</run_address>
         <size>0x2e</size>
         <input_file_ref idref="fl-60"/>
      </object_component>
      <object_component id="oc-14b">
         <name>.debug_line</name>
         <load_address>0xef7</load_address>
         <run_address>0xef7</run_address>
         <size>0xa8</size>
         <input_file_ref idref="fl-6f"/>
      </object_component>
      <object_component id="oc-152">
         <name>.debug_line</name>
         <load_address>0xf9f</load_address>
         <run_address>0xf9f</run_address>
         <size>0x5e</size>
         <input_file_ref idref="fl-52"/>
      </object_component>
      <object_component id="oc-158">
         <name>.debug_line</name>
         <load_address>0xffd</load_address>
         <run_address>0xffd</run_address>
         <size>0xf0</size>
         <input_file_ref idref="fl-6b"/>
      </object_component>
      <object_component id="oc-15c">
         <name>.debug_line</name>
         <load_address>0x10ed</load_address>
         <run_address>0x10ed</run_address>
         <size>0x5a</size>
         <input_file_ref idref="fl-67"/>
      </object_component>
      <object_component id="oc-164">
         <name>.debug_line</name>
         <load_address>0x1147</load_address>
         <run_address>0x1147</run_address>
         <size>0x35</size>
         <input_file_ref idref="fl-60"/>
      </object_component>
      <object_component id="oc-166">
         <name>.debug_line</name>
         <load_address>0x117c</load_address>
         <run_address>0x117c</run_address>
         <size>0x35</size>
         <input_file_ref idref="fl-60"/>
      </object_component>
      <object_component id="oc-16b">
         <name>.debug_line</name>
         <load_address>0x11b1</load_address>
         <run_address>0x11b1</run_address>
         <size>0x56</size>
         <input_file_ref idref="fl-51"/>
      </object_component>
      <object_component id="oc-16d">
         <name>.debug_line</name>
         <load_address>0x1207</load_address>
         <run_address>0x1207</run_address>
         <size>0x65</size>
         <input_file_ref idref="fl-53"/>
      </object_component>
      <object_component id="oc-174">
         <name>.debug_line</name>
         <load_address>0x126c</load_address>
         <run_address>0x126c</run_address>
         <size>0x20</size>
         <input_file_ref idref="fl-68"/>
      </object_component>
      <object_component id="oc-177">
         <name>.debug_line</name>
         <load_address>0x128c</load_address>
         <run_address>0x128c</run_address>
         <size>0x3e</size>
         <input_file_ref idref="fl-51"/>
      </object_component>
      <object_component id="oc-17c">
         <name>.debug_line</name>
         <load_address>0x12ca</load_address>
         <run_address>0x12ca</run_address>
         <size>0x42</size>
         <input_file_ref idref="fl-53"/>
      </object_component>
      <object_component id="oc-181">
         <name>.debug_line</name>
         <load_address>0x130c</load_address>
         <run_address>0x130c</run_address>
         <size>0x3e</size>
         <input_file_ref idref="fl-5d"/>
      </object_component>
      <object_component id="oc-186">
         <name>.debug_line</name>
         <load_address>0x134a</load_address>
         <run_address>0x134a</run_address>
         <size>0x82</size>
         <input_file_ref idref="fl-6e"/>
      </object_component>
      <object_component id="oc-18f">
         <name>.debug_line</name>
         <load_address>0x13cc</load_address>
         <run_address>0x13cc</run_address>
         <size>0x2d</size>
         <input_file_ref idref="fl-61"/>
      </object_component>
      <object_component id="oc-191">
         <name>.debug_line</name>
         <load_address>0x13f9</load_address>
         <run_address>0x13f9</run_address>
         <size>0x4b</size>
         <input_file_ref idref="fl-58"/>
      </object_component>
      <object_component id="oc-199">
         <name>.debug_line</name>
         <load_address>0x1444</load_address>
         <run_address>0x1444</run_address>
         <size>0x56</size>
         <input_file_ref idref="fl-5d"/>
      </object_component>
      <object_component id="oc-19d">
         <name>.debug_line</name>
         <load_address>0x149a</load_address>
         <run_address>0x149a</run_address>
         <size>0x2d</size>
         <input_file_ref idref="fl-6d"/>
      </object_component>
      <object_component id="oc-1a3">
         <name>.debug_line</name>
         <load_address>0x14c7</load_address>
         <run_address>0x14c7</run_address>
         <size>0x42</size>
         <input_file_ref idref="fl-57"/>
      </object_component>
      <object_component id="oc-1a7">
         <name>.debug_line</name>
         <load_address>0x1509</load_address>
         <run_address>0x1509</run_address>
         <size>0x2d</size>
         <input_file_ref idref="fl-65"/>
      </object_component>
      <object_component id="oc-1ab">
         <name>.debug_line</name>
         <load_address>0x1536</load_address>
         <run_address>0x1536</run_address>
         <size>0x20</size>
         <input_file_ref idref="fl-66"/>
      </object_component>
      <object_component id="oc-1af">
         <name>.debug_line</name>
         <load_address>0x1556</load_address>
         <run_address>0x1556</run_address>
         <size>0x20</size>
         <input_file_ref idref="fl-69"/>
      </object_component>
      <object_component id="oc-1b6">
         <name>.debug_line</name>
         <load_address>0x1576</load_address>
         <run_address>0x1576</run_address>
         <size>0x2d</size>
         <input_file_ref idref="fl-6a"/>
      </object_component>
      <object_component id="oc-1ba">
         <name>.debug_line</name>
         <load_address>0x15a3</load_address>
         <run_address>0x15a3</run_address>
         <size>0x20</size>
         <input_file_ref idref="fl-6f"/>
      </object_component>
      <object_component id="oc-1bd">
         <name>.debug_line</name>
         <load_address>0x15c3</load_address>
         <run_address>0x15c3</run_address>
         <size>0x20</size>
         <input_file_ref idref="fl-6b"/>
      </object_component>
      <object_component id="oc-1bf">
         <name>.debug_line</name>
         <load_address>0x15e3</load_address>
         <run_address>0x15e3</run_address>
         <size>0x20</size>
         <input_file_ref idref="fl-67"/>
      </object_component>
      <object_component id="oc-1c1">
         <name>.debug_line</name>
         <load_address>0x1603</load_address>
         <run_address>0x1603</run_address>
         <size>0x20</size>
         <input_file_ref idref="fl-6e"/>
      </object_component>
      <object_component id="oc-3c">
         <name>.debug_info</name>
         <load_address>0x0</load_address>
         <run_address>0x0</run_address>
         <size>0x125</size>
         <input_file_ref idref="fl-34"/>
      </object_component>
      <object_component id="oc-42">
         <name>.debug_info</name>
         <load_address>0x125</load_address>
         <run_address>0x125</run_address>
         <size>0x194</size>
         <input_file_ref idref="fl-62"/>
      </object_component>
      <object_component id="oc-48">
         <name>.debug_info</name>
         <load_address>0x2b9</load_address>
         <run_address>0x2b9</run_address>
         <size>0x16a</size>
         <input_file_ref idref="fl-64"/>
      </object_component>
      <object_component id="oc-4e">
         <name>.debug_info</name>
         <load_address>0x423</load_address>
         <run_address>0x423</run_address>
         <size>0x18e</size>
         <input_file_ref idref="fl-63"/>
      </object_component>
      <object_component id="oc-53">
         <name>.debug_info</name>
         <load_address>0x5b1</load_address>
         <run_address>0x5b1</run_address>
         <size>0xaa</size>
         <input_file_ref idref="fl-34"/>
      </object_component>
      <object_component id="oc-59">
         <name>.debug_info</name>
         <load_address>0x65b</load_address>
         <run_address>0x65b</run_address>
         <size>0xc2</size>
         <input_file_ref idref="fl-4f"/>
      </object_component>
      <object_component id="oc-5c">
         <name>.debug_info</name>
         <load_address>0x71d</load_address>
         <run_address>0x71d</run_address>
         <size>0x13a</size>
         <input_file_ref idref="fl-60"/>
      </object_component>
      <object_component id="oc-62">
         <name>.debug_info</name>
         <load_address>0x857</load_address>
         <run_address>0x857</run_address>
         <size>0x11e</size>
         <input_file_ref idref="fl-60"/>
      </object_component>
      <object_component id="oc-6a">
         <name>.debug_info</name>
         <load_address>0x975</load_address>
         <run_address>0x975</run_address>
         <size>0x153</size>
         <input_file_ref idref="fl-5e"/>
      </object_component>
      <object_component id="oc-6e">
         <name>.debug_info</name>
         <load_address>0xac8</load_address>
         <run_address>0xac8</run_address>
         <size>0x119</size>
         <input_file_ref idref="fl-60"/>
      </object_component>
      <object_component id="oc-77">
         <name>.debug_info</name>
         <load_address>0xbe1</load_address>
         <run_address>0xbe1</run_address>
         <size>0xcc</size>
         <input_file_ref idref="fl-3a"/>
      </object_component>
      <object_component id="oc-7c">
         <name>.debug_info</name>
         <load_address>0xcad</load_address>
         <run_address>0xcad</run_address>
         <size>0x157</size>
         <input_file_ref idref="fl-6c"/>
      </object_component>
      <object_component id="oc-81">
         <name>.debug_info</name>
         <load_address>0xe04</load_address>
         <run_address>0xe04</run_address>
         <size>0x46</size>
         <input_file_ref idref="fl-62"/>
      </object_component>
      <object_component id="oc-86">
         <name>.debug_info</name>
         <load_address>0xe4a</load_address>
         <run_address>0xe4a</run_address>
         <size>0x167</size>
         <input_file_ref idref="fl-62"/>
      </object_component>
      <object_component id="oc-88">
         <name>.debug_info</name>
         <load_address>0xfb1</load_address>
         <run_address>0xfb1</run_address>
         <size>0x46</size>
         <input_file_ref idref="fl-60"/>
      </object_component>
      <object_component id="oc-8d">
         <name>.debug_info</name>
         <load_address>0xff7</load_address>
         <run_address>0xff7</run_address>
         <size>0x11f</size>
         <input_file_ref idref="fl-64"/>
      </object_component>
      <object_component id="oc-91">
         <name>.debug_info</name>
         <load_address>0x1116</load_address>
         <run_address>0x1116</run_address>
         <size>0x1ef</size>
         <input_file_ref idref="fl-63"/>
      </object_component>
      <object_component id="oc-95">
         <name>.debug_info</name>
         <load_address>0x1305</load_address>
         <run_address>0x1305</run_address>
         <size>0x129</size>
         <input_file_ref idref="fl-63"/>
      </object_component>
      <object_component id="oc-96">
         <name>.debug_info</name>
         <load_address>0x142e</load_address>
         <run_address>0x142e</run_address>
         <size>0x39</size>
         <input_file_ref idref="fl-63"/>
      </object_component>
      <object_component id="oc-9d">
         <name>.debug_info</name>
         <load_address>0x1467</load_address>
         <run_address>0x1467</run_address>
         <size>0x84</size>
         <input_file_ref idref="fl-34"/>
      </object_component>
      <object_component id="oc-a4">
         <name>.debug_info</name>
         <load_address>0x14eb</load_address>
         <run_address>0x14eb</run_address>
         <size>0x5af</size>
         <input_file_ref idref="fl-60"/>
      </object_component>
      <object_component id="oc-a9">
         <name>.debug_info</name>
         <load_address>0x1a9a</load_address>
         <run_address>0x1a9a</run_address>
         <size>0x266</size>
         <input_file_ref idref="fl-60"/>
      </object_component>
      <object_component id="oc-b1">
         <name>.debug_info</name>
         <load_address>0x1d00</load_address>
         <run_address>0x1d00</run_address>
         <size>0xda</size>
         <input_file_ref idref="fl-60"/>
      </object_component>
      <object_component id="oc-b4">
         <name>.debug_info</name>
         <load_address>0x1dda</load_address>
         <run_address>0x1dda</run_address>
         <size>0x1a0</size>
         <input_file_ref idref="fl-60"/>
      </object_component>
      <object_component id="oc-be">
         <name>.debug_info</name>
         <load_address>0x1f7a</load_address>
         <run_address>0x1f7a</run_address>
         <size>0xe1</size>
         <input_file_ref idref="fl-39"/>
      </object_component>
      <object_component id="oc-c3">
         <name>.debug_info</name>
         <load_address>0x205b</load_address>
         <run_address>0x205b</run_address>
         <size>0x2ba</size>
         <input_file_ref idref="fl-5e"/>
      </object_component>
      <object_component id="oc-c5">
         <name>.debug_info</name>
         <load_address>0x2315</load_address>
         <run_address>0x2315</run_address>
         <size>0xe0</size>
         <input_file_ref idref="fl-60"/>
      </object_component>
      <object_component id="oc-c8">
         <name>.debug_info</name>
         <load_address>0x23f5</load_address>
         <run_address>0x23f5</run_address>
         <size>0x1af</size>
         <input_file_ref idref="fl-60"/>
      </object_component>
      <object_component id="oc-d2">
         <name>.debug_info</name>
         <load_address>0x25a4</load_address>
         <run_address>0x25a4</run_address>
         <size>0x127</size>
         <input_file_ref idref="fl-6c"/>
      </object_component>
      <object_component id="oc-d3">
         <name>.debug_info</name>
         <load_address>0x26cb</load_address>
         <run_address>0x26cb</run_address>
         <size>0x2c</size>
         <input_file_ref idref="fl-60"/>
      </object_component>
      <object_component id="oc-d8">
         <name>.debug_info</name>
         <load_address>0x26f7</load_address>
         <run_address>0x26f7</run_address>
         <size>0x2c</size>
         <input_file_ref idref="fl-62"/>
      </object_component>
      <object_component id="oc-e6">
         <name>.debug_info</name>
         <load_address>0x2723</load_address>
         <run_address>0x2723</run_address>
         <size>0x18b</size>
         <input_file_ref idref="fl-60"/>
      </object_component>
      <object_component id="oc-ec">
         <name>.debug_info</name>
         <load_address>0x28ae</load_address>
         <run_address>0x28ae</run_address>
         <size>0x11e</size>
         <input_file_ref idref="fl-60"/>
      </object_component>
      <object_component id="oc-f2">
         <name>.debug_info</name>
         <load_address>0x29cc</load_address>
         <run_address>0x29cc</run_address>
         <size>0x11b</size>
         <input_file_ref idref="fl-68"/>
      </object_component>
      <object_component id="oc-f8">
         <name>.debug_info</name>
         <load_address>0x2ae7</load_address>
         <run_address>0x2ae7</run_address>
         <size>0x208</size>
         <input_file_ref idref="fl-61"/>
      </object_component>
      <object_component id="oc-fe">
         <name>.debug_info</name>
         <load_address>0x2cef</load_address>
         <run_address>0x2cef</run_address>
         <size>0x280</size>
         <input_file_ref idref="fl-6d"/>
      </object_component>
      <object_component id="oc-104">
         <name>.debug_info</name>
         <load_address>0x2f6f</load_address>
         <run_address>0x2f6f</run_address>
         <size>0x234</size>
         <input_file_ref idref="fl-65"/>
      </object_component>
      <object_component id="oc-10d">
         <name>.debug_info</name>
         <load_address>0x31a3</load_address>
         <run_address>0x31a3</run_address>
         <size>0x120</size>
         <input_file_ref idref="fl-66"/>
      </object_component>
      <object_component id="oc-113">
         <name>.debug_info</name>
         <load_address>0x32c3</load_address>
         <run_address>0x32c3</run_address>
         <size>0xfb</size>
         <input_file_ref idref="fl-60"/>
      </object_component>
      <object_component id="oc-116">
         <name>.debug_info</name>
         <load_address>0x33be</load_address>
         <run_address>0x33be</run_address>
         <size>0xdf</size>
         <input_file_ref idref="fl-60"/>
      </object_component>
      <object_component id="oc-11c">
         <name>.debug_info</name>
         <load_address>0x349d</load_address>
         <run_address>0x349d</run_address>
         <size>0x39</size>
         <input_file_ref idref="fl-5e"/>
      </object_component>
      <object_component id="oc-128">
         <name>.debug_info</name>
         <load_address>0x34d6</load_address>
         <run_address>0x34d6</run_address>
         <size>0x1a9</size>
         <input_file_ref idref="fl-69"/>
      </object_component>
      <object_component id="oc-12e">
         <name>.debug_info</name>
         <load_address>0x367f</load_address>
         <run_address>0x367f</run_address>
         <size>0x185</size>
         <input_file_ref idref="fl-68"/>
      </object_component>
      <object_component id="oc-131">
         <name>.debug_info</name>
         <load_address>0x3804</load_address>
         <run_address>0x3804</run_address>
         <size>0xd3</size>
         <input_file_ref idref="fl-33"/>
      </object_component>
      <object_component id="oc-136">
         <name>.debug_info</name>
         <load_address>0x38d7</load_address>
         <run_address>0x38d7</run_address>
         <size>0x2d3</size>
         <input_file_ref idref="fl-6a"/>
      </object_component>
      <object_component id="oc-13c">
         <name>.debug_info</name>
         <load_address>0x3baa</load_address>
         <run_address>0x3baa</run_address>
         <size>0xd3</size>
         <input_file_ref idref="fl-50"/>
      </object_component>
      <object_component id="oc-140">
         <name>.debug_info</name>
         <load_address>0x3c7d</load_address>
         <run_address>0x3c7d</run_address>
         <size>0x1c7</size>
         <input_file_ref idref="fl-61"/>
      </object_component>
      <object_component id="oc-141">
         <name>.debug_info</name>
         <load_address>0x3e44</load_address>
         <run_address>0x3e44</run_address>
         <size>0x94</size>
         <input_file_ref idref="fl-60"/>
      </object_component>
      <object_component id="oc-147">
         <name>.debug_info</name>
         <load_address>0x3ed8</load_address>
         <run_address>0x3ed8</run_address>
         <size>0x381</size>
         <input_file_ref idref="fl-6f"/>
      </object_component>
      <object_component id="oc-14d">
         <name>.debug_info</name>
         <load_address>0x4259</load_address>
         <run_address>0x4259</run_address>
         <size>0x1c2</size>
         <input_file_ref idref="fl-6d"/>
      </object_component>
      <object_component id="oc-14f">
         <name>.debug_info</name>
         <load_address>0x441b</load_address>
         <run_address>0x441b</run_address>
         <size>0xd3</size>
         <input_file_ref idref="fl-52"/>
      </object_component>
      <object_component id="oc-154">
         <name>.debug_info</name>
         <load_address>0x44ee</load_address>
         <run_address>0x44ee</run_address>
         <size>0x59e</size>
         <input_file_ref idref="fl-6b"/>
      </object_component>
      <object_component id="oc-15a">
         <name>.debug_info</name>
         <load_address>0x4a8c</load_address>
         <run_address>0x4a8c</run_address>
         <size>0x1c2</size>
         <input_file_ref idref="fl-65"/>
      </object_component>
      <object_component id="oc-15f">
         <name>.debug_info</name>
         <load_address>0x4c4e</load_address>
         <run_address>0x4c4e</run_address>
         <size>0x198</size>
         <input_file_ref idref="fl-67"/>
      </object_component>
      <object_component id="oc-162">
         <name>.debug_info</name>
         <load_address>0x4de6</load_address>
         <run_address>0x4de6</run_address>
         <size>0x185</size>
         <input_file_ref idref="fl-66"/>
      </object_component>
      <object_component id="oc-168">
         <name>.debug_info</name>
         <load_address>0x4f6b</load_address>
         <run_address>0x4f6b</run_address>
         <size>0xd9</size>
         <input_file_ref idref="fl-51"/>
      </object_component>
      <object_component id="oc-16e">
         <name>.debug_info</name>
         <load_address>0x5044</load_address>
         <run_address>0x5044</run_address>
         <size>0xd9</size>
         <input_file_ref idref="fl-53"/>
      </object_component>
      <object_component id="oc-172">
         <name>.debug_info</name>
         <load_address>0x511d</load_address>
         <run_address>0x511d</run_address>
         <size>0x186</size>
         <input_file_ref idref="fl-69"/>
      </object_component>
      <object_component id="oc-179">
         <name>.debug_info</name>
         <load_address>0x52a3</load_address>
         <run_address>0x52a3</run_address>
         <size>0xd3</size>
         <input_file_ref idref="fl-51"/>
      </object_component>
      <object_component id="oc-17d">
         <name>.debug_info</name>
         <load_address>0x5376</load_address>
         <run_address>0x5376</run_address>
         <size>0xd3</size>
         <input_file_ref idref="fl-53"/>
      </object_component>
      <object_component id="oc-182">
         <name>.debug_info</name>
         <load_address>0x5449</load_address>
         <run_address>0x5449</run_address>
         <size>0xd3</size>
         <input_file_ref idref="fl-5d"/>
      </object_component>
      <object_component id="oc-187">
         <name>.debug_info</name>
         <load_address>0x551c</load_address>
         <run_address>0x551c</run_address>
         <size>0x1a3</size>
         <input_file_ref idref="fl-6e"/>
      </object_component>
      <object_component id="oc-18c">
         <name>.debug_info</name>
         <load_address>0x56bf</load_address>
         <run_address>0x56bf</run_address>
         <size>0x1bb</size>
         <input_file_ref idref="fl-6a"/>
      </object_component>
      <object_component id="oc-193">
         <name>.debug_info</name>
         <load_address>0x587a</load_address>
         <run_address>0x587a</run_address>
         <size>0xd4</size>
         <input_file_ref idref="fl-58"/>
      </object_component>
      <object_component id="oc-197">
         <name>.debug_info</name>
         <load_address>0x594e</load_address>
         <run_address>0x594e</run_address>
         <size>0xd9</size>
         <input_file_ref idref="fl-5d"/>
      </object_component>
      <object_component id="oc-19b">
         <name>.debug_info</name>
         <load_address>0x5a27</load_address>
         <run_address>0x5a27</run_address>
         <size>0x1a9</size>
         <input_file_ref idref="fl-6f"/>
      </object_component>
      <object_component id="oc-1a1">
         <name>.debug_info</name>
         <load_address>0x5bd0</load_address>
         <run_address>0x5bd0</run_address>
         <size>0xd4</size>
         <input_file_ref idref="fl-57"/>
      </object_component>
      <object_component id="oc-1a5">
         <name>.debug_info</name>
         <load_address>0x5ca4</load_address>
         <run_address>0x5ca4</run_address>
         <size>0x18d</size>
         <input_file_ref idref="fl-6b"/>
      </object_component>
      <object_component id="oc-1a9">
         <name>.debug_info</name>
         <load_address>0x5e31</load_address>
         <run_address>0x5e31</run_address>
         <size>0x186</size>
         <input_file_ref idref="fl-67"/>
      </object_component>
      <object_component id="oc-1b4">
         <name>.debug_info</name>
         <load_address>0x5fb7</load_address>
         <run_address>0x5fb7</run_address>
         <size>0x18d</size>
         <input_file_ref idref="fl-6e"/>
      </object_component>
      <object_component id="oc-1fd">
         <name>.debug_info</name>
         <load_address>0x6144</load_address>
         <run_address>0x6144</run_address>
         <size>0xbe</size>
      </object_component>
      <object_component id="oc-3d">
         <name>.debug_pubnames</name>
         <load_address>0x0</load_address>
         <run_address>0x0</run_address>
         <size>0x26</size>
         <input_file_ref idref="fl-34"/>
      </object_component>
      <object_component id="oc-43">
         <name>.debug_pubnames</name>
         <load_address>0x26</load_address>
         <run_address>0x26</run_address>
         <size>0x2b</size>
         <input_file_ref idref="fl-62"/>
      </object_component>
      <object_component id="oc-49">
         <name>.debug_pubnames</name>
         <load_address>0x51</load_address>
         <run_address>0x51</run_address>
         <size>0x25</size>
         <input_file_ref idref="fl-64"/>
      </object_component>
      <object_component id="oc-50">
         <name>.debug_pubnames</name>
         <load_address>0x76</load_address>
         <run_address>0x76</run_address>
         <size>0x2c</size>
         <input_file_ref idref="fl-63"/>
      </object_component>
      <object_component id="oc-54">
         <name>.debug_pubnames</name>
         <load_address>0xa2</load_address>
         <run_address>0xa2</run_address>
         <size>0x1d</size>
         <input_file_ref idref="fl-34"/>
      </object_component>
      <object_component id="oc-5a">
         <name>.debug_pubnames</name>
         <load_address>0xbf</load_address>
         <run_address>0xbf</run_address>
         <size>0x2b</size>
         <input_file_ref idref="fl-4f"/>
      </object_component>
      <object_component id="oc-5e">
         <name>.debug_pubnames</name>
         <load_address>0xea</load_address>
         <run_address>0xea</run_address>
         <size>0x25</size>
         <input_file_ref idref="fl-60"/>
      </object_component>
      <object_component id="oc-64">
         <name>.debug_pubnames</name>
         <load_address>0x10f</load_address>
         <run_address>0x10f</run_address>
         <size>0x27</size>
         <input_file_ref idref="fl-60"/>
      </object_component>
      <object_component id="oc-6b">
         <name>.debug_pubnames</name>
         <load_address>0x136</load_address>
         <run_address>0x136</run_address>
         <size>0x21</size>
         <input_file_ref idref="fl-5e"/>
      </object_component>
      <object_component id="oc-70">
         <name>.debug_pubnames</name>
         <load_address>0x157</load_address>
         <run_address>0x157</run_address>
         <size>0x1b</size>
         <input_file_ref idref="fl-60"/>
      </object_component>
      <object_component id="oc-78">
         <name>.debug_pubnames</name>
         <load_address>0x172</load_address>
         <run_address>0x172</run_address>
         <size>0x1c</size>
         <input_file_ref idref="fl-3a"/>
      </object_component>
      <object_component id="oc-7d">
         <name>.debug_pubnames</name>
         <load_address>0x18e</load_address>
         <run_address>0x18e</run_address>
         <size>0x1d</size>
         <input_file_ref idref="fl-6c"/>
      </object_component>
      <object_component id="oc-93">
         <name>.debug_pubnames</name>
         <load_address>0x1ab</load_address>
         <run_address>0x1ab</run_address>
         <size>0x2f</size>
         <input_file_ref idref="fl-63"/>
      </object_component>
      <object_component id="oc-a5">
         <name>.debug_pubnames</name>
         <load_address>0x1da</load_address>
         <run_address>0x1da</run_address>
         <size>0x44</size>
         <input_file_ref idref="fl-60"/>
      </object_component>
      <object_component id="oc-ab">
         <name>.debug_pubnames</name>
         <load_address>0x21e</load_address>
         <run_address>0x21e</run_address>
         <size>0x1f</size>
         <input_file_ref idref="fl-60"/>
      </object_component>
      <object_component id="oc-b2">
         <name>.debug_pubnames</name>
         <load_address>0x23d</load_address>
         <run_address>0x23d</run_address>
         <size>0x1d</size>
         <input_file_ref idref="fl-60"/>
      </object_component>
      <object_component id="oc-b6">
         <name>.debug_pubnames</name>
         <load_address>0x25a</load_address>
         <run_address>0x25a</run_address>
         <size>0x26</size>
         <input_file_ref idref="fl-60"/>
      </object_component>
      <object_component id="oc-c0">
         <name>.debug_pubnames</name>
         <load_address>0x280</load_address>
         <run_address>0x280</run_address>
         <size>0x2b</size>
         <input_file_ref idref="fl-39"/>
      </object_component>
      <object_component id="oc-c6">
         <name>.debug_pubnames</name>
         <load_address>0x2ab</load_address>
         <run_address>0x2ab</run_address>
         <size>0x20</size>
         <input_file_ref idref="fl-60"/>
      </object_component>
      <object_component id="oc-ca">
         <name>.debug_pubnames</name>
         <load_address>0x2cb</load_address>
         <run_address>0x2cb</run_address>
         <size>0x25</size>
         <input_file_ref idref="fl-60"/>
      </object_component>
      <object_component id="oc-ee">
         <name>.debug_pubnames</name>
         <load_address>0x2f0</load_address>
         <run_address>0x2f0</run_address>
         <size>0x27</size>
         <input_file_ref idref="fl-60"/>
      </object_component>
      <object_component id="oc-f3">
         <name>.debug_pubnames</name>
         <load_address>0x317</load_address>
         <run_address>0x317</run_address>
         <size>0x25</size>
         <input_file_ref idref="fl-68"/>
      </object_component>
      <object_component id="oc-f9">
         <name>.debug_pubnames</name>
         <load_address>0x33c</load_address>
         <run_address>0x33c</run_address>
         <size>0x24</size>
         <input_file_ref idref="fl-61"/>
      </object_component>
      <object_component id="oc-100">
         <name>.debug_pubnames</name>
         <load_address>0x360</load_address>
         <run_address>0x360</run_address>
         <size>0x24</size>
         <input_file_ref idref="fl-6d"/>
      </object_component>
      <object_component id="oc-106">
         <name>.debug_pubnames</name>
         <load_address>0x384</load_address>
         <run_address>0x384</run_address>
         <size>0x24</size>
         <input_file_ref idref="fl-65"/>
      </object_component>
      <object_component id="oc-10e">
         <name>.debug_pubnames</name>
         <load_address>0x3a8</load_address>
         <run_address>0x3a8</run_address>
         <size>0x25</size>
         <input_file_ref idref="fl-66"/>
      </object_component>
      <object_component id="oc-114">
         <name>.debug_pubnames</name>
         <load_address>0x3cd</load_address>
         <run_address>0x3cd</run_address>
         <size>0x2a</size>
         <input_file_ref idref="fl-60"/>
      </object_component>
      <object_component id="oc-117">
         <name>.debug_pubnames</name>
         <load_address>0x3f7</load_address>
         <run_address>0x3f7</run_address>
         <size>0x20</size>
         <input_file_ref idref="fl-60"/>
      </object_component>
      <object_component id="oc-12a">
         <name>.debug_pubnames</name>
         <load_address>0x417</load_address>
         <run_address>0x417</run_address>
         <size>0x26</size>
         <input_file_ref idref="fl-69"/>
      </object_component>
      <object_component id="oc-133">
         <name>.debug_pubnames</name>
         <load_address>0x43d</load_address>
         <run_address>0x43d</run_address>
         <size>0x24</size>
         <input_file_ref idref="fl-33"/>
      </object_component>
      <object_component id="oc-137">
         <name>.debug_pubnames</name>
         <load_address>0x461</load_address>
         <run_address>0x461</run_address>
         <size>0x23</size>
         <input_file_ref idref="fl-6a"/>
      </object_component>
      <object_component id="oc-13d">
         <name>.debug_pubnames</name>
         <load_address>0x484</load_address>
         <run_address>0x484</run_address>
         <size>0x24</size>
         <input_file_ref idref="fl-50"/>
      </object_component>
      <object_component id="oc-148">
         <name>.debug_pubnames</name>
         <load_address>0x4a8</load_address>
         <run_address>0x4a8</run_address>
         <size>0x23</size>
         <input_file_ref idref="fl-6f"/>
      </object_component>
      <object_component id="oc-150">
         <name>.debug_pubnames</name>
         <load_address>0x4cb</load_address>
         <run_address>0x4cb</run_address>
         <size>0x24</size>
         <input_file_ref idref="fl-52"/>
      </object_component>
      <object_component id="oc-156">
         <name>.debug_pubnames</name>
         <load_address>0x4ef</load_address>
         <run_address>0x4ef</run_address>
         <size>0x23</size>
         <input_file_ref idref="fl-6b"/>
      </object_component>
      <object_component id="oc-160">
         <name>.debug_pubnames</name>
         <load_address>0x512</load_address>
         <run_address>0x512</run_address>
         <size>0x26</size>
         <input_file_ref idref="fl-67"/>
      </object_component>
      <object_component id="oc-169">
         <name>.debug_pubnames</name>
         <load_address>0x538</load_address>
         <run_address>0x538</run_address>
         <size>0x27</size>
         <input_file_ref idref="fl-51"/>
      </object_component>
      <object_component id="oc-16f">
         <name>.debug_pubnames</name>
         <load_address>0x55f</load_address>
         <run_address>0x55f</run_address>
         <size>0x27</size>
         <input_file_ref idref="fl-53"/>
      </object_component>
      <object_component id="oc-17a">
         <name>.debug_pubnames</name>
         <load_address>0x586</load_address>
         <run_address>0x586</run_address>
         <size>0x24</size>
         <input_file_ref idref="fl-51"/>
      </object_component>
      <object_component id="oc-17e">
         <name>.debug_pubnames</name>
         <load_address>0x5aa</load_address>
         <run_address>0x5aa</run_address>
         <size>0x24</size>
         <input_file_ref idref="fl-53"/>
      </object_component>
      <object_component id="oc-184">
         <name>.debug_pubnames</name>
         <load_address>0x5ce</load_address>
         <run_address>0x5ce</run_address>
         <size>0x24</size>
         <input_file_ref idref="fl-5d"/>
      </object_component>
      <object_component id="oc-189">
         <name>.debug_pubnames</name>
         <load_address>0x5f2</load_address>
         <run_address>0x5f2</run_address>
         <size>0x23</size>
         <input_file_ref idref="fl-6e"/>
      </object_component>
      <object_component id="oc-194">
         <name>.debug_pubnames</name>
         <load_address>0x615</load_address>
         <run_address>0x615</run_address>
         <size>0x24</size>
         <input_file_ref idref="fl-58"/>
      </object_component>
      <object_component id="oc-198">
         <name>.debug_pubnames</name>
         <load_address>0x639</load_address>
         <run_address>0x639</run_address>
         <size>0x27</size>
         <input_file_ref idref="fl-5d"/>
      </object_component>
      <object_component id="oc-1a2">
         <name>.debug_pubnames</name>
         <load_address>0x660</load_address>
         <run_address>0x660</run_address>
         <size>0x24</size>
         <input_file_ref idref="fl-57"/>
      </object_component>
      <object_component id="oc-3e">
         <name>.debug_aranges</name>
         <load_address>0x0</load_address>
         <run_address>0x0</run_address>
         <size>0x20</size>
         <input_file_ref idref="fl-34"/>
      </object_component>
      <object_component id="oc-44">
         <name>.debug_aranges</name>
         <load_address>0x20</load_address>
         <run_address>0x20</run_address>
         <size>0x20</size>
         <input_file_ref idref="fl-62"/>
      </object_component>
      <object_component id="oc-47">
         <name>.debug_aranges</name>
         <load_address>0x40</load_address>
         <run_address>0x40</run_address>
         <size>0x20</size>
         <input_file_ref idref="fl-64"/>
      </object_component>
      <object_component id="oc-4f">
         <name>.debug_aranges</name>
         <load_address>0x60</load_address>
         <run_address>0x60</run_address>
         <size>0x20</size>
         <input_file_ref idref="fl-63"/>
      </object_component>
      <object_component id="oc-57">
         <name>.debug_aranges</name>
         <load_address>0x80</load_address>
         <run_address>0x80</run_address>
         <size>0x20</size>
         <input_file_ref idref="fl-4f"/>
      </object_component>
      <object_component id="oc-5d">
         <name>.debug_aranges</name>
         <load_address>0xa0</load_address>
         <run_address>0xa0</run_address>
         <size>0x20</size>
         <input_file_ref idref="fl-60"/>
      </object_component>
      <object_component id="oc-63">
         <name>.debug_aranges</name>
         <load_address>0xc0</load_address>
         <run_address>0xc0</run_address>
         <size>0x20</size>
         <input_file_ref idref="fl-60"/>
      </object_component>
      <object_component id="oc-6c">
         <name>.debug_aranges</name>
         <load_address>0xe0</load_address>
         <run_address>0xe0</run_address>
         <size>0x20</size>
         <input_file_ref idref="fl-5e"/>
      </object_component>
      <object_component id="oc-6f">
         <name>.debug_aranges</name>
         <load_address>0x100</load_address>
         <run_address>0x100</run_address>
         <size>0x20</size>
         <input_file_ref idref="fl-60"/>
      </object_component>
      <object_component id="oc-75">
         <name>.debug_aranges</name>
         <load_address>0x120</load_address>
         <run_address>0x120</run_address>
         <size>0x20</size>
         <input_file_ref idref="fl-3a"/>
      </object_component>
      <object_component id="oc-7e">
         <name>.debug_aranges</name>
         <load_address>0x140</load_address>
         <run_address>0x140</run_address>
         <size>0x20</size>
         <input_file_ref idref="fl-6c"/>
      </object_component>
      <object_component id="oc-92">
         <name>.debug_aranges</name>
         <load_address>0x160</load_address>
         <run_address>0x160</run_address>
         <size>0x20</size>
         <input_file_ref idref="fl-63"/>
      </object_component>
      <object_component id="oc-aa">
         <name>.debug_aranges</name>
         <load_address>0x180</load_address>
         <run_address>0x180</run_address>
         <size>0x20</size>
         <input_file_ref idref="fl-60"/>
      </object_component>
      <object_component id="oc-b5">
         <name>.debug_aranges</name>
         <load_address>0x1a0</load_address>
         <run_address>0x1a0</run_address>
         <size>0x20</size>
         <input_file_ref idref="fl-60"/>
      </object_component>
      <object_component id="oc-bf">
         <name>.debug_aranges</name>
         <load_address>0x1c0</load_address>
         <run_address>0x1c0</run_address>
         <size>0x20</size>
         <input_file_ref idref="fl-39"/>
      </object_component>
      <object_component id="oc-c9">
         <name>.debug_aranges</name>
         <load_address>0x1e0</load_address>
         <run_address>0x1e0</run_address>
         <size>0x20</size>
         <input_file_ref idref="fl-60"/>
      </object_component>
      <object_component id="oc-ed">
         <name>.debug_aranges</name>
         <load_address>0x200</load_address>
         <run_address>0x200</run_address>
         <size>0x20</size>
         <input_file_ref idref="fl-60"/>
      </object_component>
      <object_component id="oc-f4">
         <name>.debug_aranges</name>
         <load_address>0x220</load_address>
         <run_address>0x220</run_address>
         <size>0x20</size>
         <input_file_ref idref="fl-68"/>
      </object_component>
      <object_component id="oc-fa">
         <name>.debug_aranges</name>
         <load_address>0x240</load_address>
         <run_address>0x240</run_address>
         <size>0x20</size>
         <input_file_ref idref="fl-61"/>
      </object_component>
      <object_component id="oc-ff">
         <name>.debug_aranges</name>
         <load_address>0x260</load_address>
         <run_address>0x260</run_address>
         <size>0x28</size>
         <input_file_ref idref="fl-6d"/>
      </object_component>
      <object_component id="oc-105">
         <name>.debug_aranges</name>
         <load_address>0x288</load_address>
         <run_address>0x288</run_address>
         <size>0x20</size>
         <input_file_ref idref="fl-65"/>
      </object_component>
      <object_component id="oc-10a">
         <name>.debug_aranges</name>
         <load_address>0x2a8</load_address>
         <run_address>0x2a8</run_address>
         <size>0x20</size>
         <input_file_ref idref="fl-66"/>
      </object_component>
      <object_component id="oc-129">
         <name>.debug_aranges</name>
         <load_address>0x2c8</load_address>
         <run_address>0x2c8</run_address>
         <size>0x20</size>
         <input_file_ref idref="fl-69"/>
      </object_component>
      <object_component id="oc-132">
         <name>.debug_aranges</name>
         <load_address>0x2e8</load_address>
         <run_address>0x2e8</run_address>
         <size>0x20</size>
         <input_file_ref idref="fl-33"/>
      </object_component>
      <object_component id="oc-138">
         <name>.debug_aranges</name>
         <load_address>0x308</load_address>
         <run_address>0x308</run_address>
         <size>0x20</size>
         <input_file_ref idref="fl-6a"/>
      </object_component>
      <object_component id="oc-13e">
         <name>.debug_aranges</name>
[...]
         <object_component_ref idref="oc-2e"/>
      </symbol>
      <symbol id="sm-e7">
         <name>__TI_int03</name>
         <value>0xffe6</value>
         <object_component_ref idref="oc-2f"/>
      </symbol>
      <symbol id="sm-ea">
         <name>__TI_int05</name>
         <value>0xffea</value>
         <object_component_ref idref="oc-30"/>
      </symbol>
      <symbol id="sm-ed">
         <name>__TI_int06</name>
         <value>0xffec</value>
         <object_component_ref idref="oc-31"/>
      </symbol>
      <symbol id="sm-f0">
         <name>__TI_int07</name>
         <value>0xffee</value>
         <object_component_ref idref="oc-32"/>
      </symbol>
      <symbol id="sm-f3">
         <name>__TI_int08</name>
         <value>0xfff0</value>
         <object_component_ref idref="oc-33"/>
      </symbol>
      <symbol id="sm-f6">
         <name>__TI_int09</name>
         <value>0xfff2</value>
         <object_component_ref idref="oc-34"/>
      </symbol>
      <symbol id="sm-f9">
         <name>__TI_int11</name>
         <value>0xfff6</value>
         <object_component_ref idref="oc-36"/>
      </symbol>
      <symbol id="sm-fc">
         <name>__TI_int12</name>
         <value>0xfff8</value>
         <object_component_ref idref="oc-37"/>
      </symbol>
      <symbol id="sm-ff">
         <name>__TI_int13</name>
         <value>0xfffa</value>
         <object_component_ref idref="oc-38"/>
      </symbol>
      <symbol id="sm-102">
         <name>__TI_int14</name>
         <value>0xfffc</value>
         <object_component_ref idref="oc-39"/>
      </symbol>
      <symbol id="sm-10a">
         <name>__TI_ISR_TRAP</name>
         <value>0xd92e</value>
         <object_component_ref idref="oc-56"/>
      </symbol>
      <symbol id="sm-112">
         <name>__mspabi_slli</name>
         <value>0xd800</value>
         <object_component_ref idref="oc-13a"/>
      </symbol>
      <symbol id="sm-113">
         <name>__mspabi_slli_9</name>
         <value>0xd818</value>
         <object_component_ref idref="oc-13a"/>
      </symbol>
      <symbol id="sm-114">
         <name>__mspabi_slli_8</name>
         <value>0xd81a</value>
         <object_component_ref idref="oc-13a"/>
      </symbol>
      <symbol id="sm-115">
         <name>__mspabi_slli_7</name>
         <value>0xd81c</value>
         <object_component_ref idref="oc-13a"/>
      </symbol>
      <symbol id="sm-116">
         <name>__mspabi_slli_6</name>
         <value>0xd81e</value>
         <object_component_ref idref="oc-13a"/>
      </symbol>
      <symbol id="sm-117">
         <name>__mspabi_slli_5</name>
         <value>0xd820</value>
         <object_component_ref idref="oc-13a"/>
      </symbol>
      <symbol id="sm-118">
         <name>__mspabi_slli_4</name>
         <value>0xd822</value>
         <object_component_ref idref="oc-13a"/>
      </symbol>
      <symbol id="sm-119">
         <name>__mspabi_slli_3</name>
         <value>0xd824</value>
         <object_component_ref idref="oc-13a"/>
      </symbol>
      <symbol id="sm-11a">
         <name>__mspabi_slli_2</name>
         <value>0xd826</value>
         <object_component_ref idref="oc-13a"/>
      </symbol>
      <symbol id="sm-11b">
         <name>__mspabi_slli_1</name>
         <value>0xd828</value>
         <object_component_ref idref="oc-13a"/>
      </symbol>
      <symbol id="sm-11c">
         <name>__mspabi_slli_15</name>
         <value>0xd80c</value>
         <object_component_ref idref="oc-13a"/>
      </symbol>
      <symbol id="sm-11d">
         <name>__mspabi_slli_14</name>
         <value>0xd80e</value>
         <object_component_ref idref="oc-13a"/>
      </symbol>
      <symbol id="sm-11e">
         <name>__mspabi_slli_13</name>
         <value>0xd810</value>
         <object_component_ref idref="oc-13a"/>
      </symbol>
      <symbol id="sm-11f">
         <name>__mspabi_slli_12</name>
         <value>0xd812</value>
         <object_component_ref idref="oc-13a"/>
      </symbol>
      <symbol id="sm-120">
         <name>__mspabi_slli_11</name>
         <value>0xd814</value>
         <object_component_ref idref="oc-13a"/>
      </symbol>
      <symbol id="sm-121">
         <name>__mspabi_slli_10</name>
         <value>0xd816</value>
         <object_component_ref idref="oc-13a"/>
      </symbol>
      <symbol id="sm-131">
         <name>__mspabi_slll_9</name>
         <value>0xd770</value>
         <object_component_ref idref="oc-167"/>
      </symbol>
      <symbol id="sm-132">
         <name>__mspabi_slll_8</name>
         <value>0xd774</value>
         <object_component_ref idref="oc-167"/>
      </symbol>
      <symbol id="sm-133">
         <name>__mspabi_slll_7</name>
         <value>0xd778</value>
         <object_component_ref idref="oc-167"/>
      </symbol>
      <symbol id="sm-134">
         <name>__mspabi_slll_6</name>
         <value>0xd77c</value>
         <object_component_ref idref="oc-167"/>
      </symbol>
      <symbol id="sm-135">
         <name>__mspabi_slll_5</name>
         <value>0xd780</value>
         <object_component_ref idref="oc-167"/>
      </symbol>
      <symbol id="sm-136">
         <name>__mspabi_slll_4</name>
         <value>0xd784</value>
         <object_component_ref idref="oc-167"/>
      </symbol>
      <symbol id="sm-137">
         <name>__mspabi_slll_3</name>
         <value>0xd788</value>
         <object_component_ref idref="oc-167"/>
      </symbol>
      <symbol id="sm-138">
         <name>__mspabi_slll_2</name>
         <value>0xd78c</value>
         <object_component_ref idref="oc-167"/>
      </symbol>
      <symbol id="sm-139">
         <name>__mspabi_slll_1</name>
         <value>0xd790</value>
         <object_component_ref idref="oc-167"/>
      </symbol>
      <symbol id="sm-13a">
         <name>__mspabi_slll</name>
         <value>0xd90e</value>
         <object_component_ref idref="oc-176"/>
      </symbol>
      <symbol id="sm-13b">
         <name>__mspabi_slll_15</name>
         <value>0xd758</value>
         <object_component_ref idref="oc-167"/>
      </symbol>
      <symbol id="sm-13c">
         <name>__mspabi_slll_14</name>
         <value>0xd75c</value>
         <object_component_ref idref="oc-167"/>
      </symbol>
      <symbol id="sm-13d">
         <name>__mspabi_slll_13</name>
         <value>0xd760</value>
         <object_component_ref idref="oc-167"/>
      </symbol>
      <symbol id="sm-13e">
         <name>__mspabi_slll_12</name>
         <value>0xd764</value>
         <object_component_ref idref="oc-167"/>
      </symbol>
      <symbol id="sm-13f">
         <name>__mspabi_slll_11</name>
         <value>0xd768</value>
         <object_component_ref idref="oc-167"/>
      </symbol>
      <symbol id="sm-140">
         <name>__mspabi_slll_10</name>
         <value>0xd76c</value>
         <object_component_ref idref="oc-167"/>
      </symbol>
      <symbol id="sm-148">
         <name>__mspabi_srli_8</name>
         <value>0xd6f8</value>
         <object_component_ref idref="oc-14e"/>
      </symbol>
      <symbol id="sm-149">
         <name>__mspabi_srli_9</name>
         <value>0xd6f4</value>
         <object_component_ref idref="oc-14e"/>
      </symbol>
      <symbol id="sm-14a">
         <name>__mspabi_srli_6</name>
         <value>0xd700</value>
         <object_component_ref idref="oc-14e"/>
      </symbol>
      <symbol id="sm-14b">
         <name>__mspabi_srli_7</name>
         <value>0xd6fc</value>
         <object_component_ref idref="oc-14e"/>
      </symbol>
      <symbol id="sm-14c">
         <name>__mspabi_srli_4</name>
         <value>0xd708</value>
         <object_component_ref idref="oc-14e"/>
      </symbol>
      <symbol id="sm-14d">
         <name>__mspabi_srli_5</name>
         <value>0xd704</value>
         <object_component_ref idref="oc-14e"/>
      </symbol>
      <symbol id="sm-14e">
         <name>__mspabi_srli_2</name>
         <value>0xd710</value>
         <object_component_ref idref="oc-14e"/>
      </symbol>
      <symbol id="sm-14f">
         <name>__mspabi_srli_3</name>
         <value>0xd70c</value>
         <object_component_ref idref="oc-14e"/>
      </symbol>
      <symbol id="sm-150">
         <name>__mspabi_srli_1</name>
         <value>0xd714</value>
         <object_component_ref idref="oc-14e"/>
      </symbol>
      <symbol id="sm-151">
         <name>__mspabi_srli</name>
         <value>0xd6ce</value>
         <object_component_ref idref="oc-14e"/>
      </symbol>
      <symbol id="sm-152">
         <name>__mspabi_srli_15</name>
         <value>0xd6dc</value>
         <object_component_ref idref="oc-14e"/>
      </symbol>
      <symbol id="sm-153">
         <name>__mspabi_srli_14</name>
         <value>0xd6e0</value>
         <object_component_ref idref="oc-14e"/>
      </symbol>
      <symbol id="sm-154">
         <name>__mspabi_srli_13</name>
         <value>0xd6e4</value>
         <object_component_ref idref="oc-14e"/>
      </symbol>
      <symbol id="sm-155">
         <name>__mspabi_srli_12</name>
         <value>0xd6e8</value>
         <object_component_ref idref="oc-14e"/>
      </symbol>
      <symbol id="sm-156">
         <name>__mspabi_srli_11</name>
         <value>0xd6ec</value>
         <object_component_ref idref="oc-14e"/>
      </symbol>
      <symbol id="sm-157">
         <name>__mspabi_srli_10</name>
         <value>0xd6f0</value>
         <object_component_ref idref="oc-14e"/>
      </symbol>
      <symbol id="sm-167">
         <name>__mspabi_srll_8</name>
         <value>0xd69c</value>
         <object_component_ref idref="oc-16c"/>
      </symbol>
      <symbol id="sm-168">
         <name>__mspabi_srll_9</name>
         <value>0xd696</value>
         <object_component_ref idref="oc-16c"/>
      </symbol>
      <symbol id="sm-169">
         <name>__mspabi_srll_6</name>
         <value>0xd6a8</value>
         <object_component_ref idref="oc-16c"/>
      </symbol>
      <symbol id="sm-16a">
         <name>__mspabi_srll_7</name>
         <value>0xd6a2</value>
         <object_component_ref idref="oc-16c"/>
      </symbol>
      <symbol id="sm-16b">
         <name>__mspabi_srll_4</name>
         <value>0xd6b4</value>
         <object_component_ref idref="oc-16c"/>
      </symbol>
      <symbol id="sm-16c">
         <name>__mspabi_srll_5</name>
         <value>0xd6ae</value>
         <object_component_ref idref="oc-16c"/>
      </symbol>
      <symbol id="sm-16d">
         <name>__mspabi_srll_2</name>
         <value>0xd6c0</value>
         <object_component_ref idref="oc-16c"/>
      </symbol>
      <symbol id="sm-16e">
         <name>__mspabi_srll_3</name>
         <value>0xd6ba</value>
         <object_component_ref idref="oc-16c"/>
      </symbol>
      <symbol id="sm-16f">
         <name>__mspabi_srll_1</name>
         <value>0xd6c6</value>
         <object_component_ref idref="oc-16c"/>
      </symbol>
      <symbol id="sm-170">
         <name>__mspabi_srll_15</name>
         <value>0xd672</value>
         <object_component_ref idref="oc-16c"/>
      </symbol>
      <symbol id="sm-171">
         <name>__mspabi_srll_14</name>
         <value>0xd678</value>
         <object_component_ref idref="oc-16c"/>
      </symbol>
      <symbol id="sm-172">
         <name>__mspabi_srll_13</name>
         <value>0xd67e</value>
         <object_component_ref idref="oc-16c"/>
      </symbol>
      <symbol id="sm-173">
         <name>__mspabi_srll_12</name>
         <value>0xd684</value>
         <object_component_ref idref="oc-16c"/>
      </symbol>
      <symbol id="sm-174">
         <name>__mspabi_srll_11</name>
         <value>0xd68a</value>
         <object_component_ref idref="oc-16c"/>
      </symbol>
      <symbol id="sm-175">
         <name>__mspabi_srll_10</name>
         <value>0xd690</value>
         <object_component_ref idref="oc-16c"/>
      </symbol>
      <symbol id="sm-176">
         <name>__mspabi_srll</name>
         <value>0xd8da</value>
         <object_component_ref idref="oc-17b"/>
      </symbol>
      <symbol id="sm-180">
         <name>__mspabi_mpyi</name>
         <value>0xd8a2</value>
         <object_component_ref idref="oc-19f"/>
      </symbol>
      <symbol id="sm-18a">
         <name>__mspabi_mpyl</name>
         <value>0xd82c</value>
         <object_component_ref idref="oc-190"/>
      </symbol>
      <symbol id="sm-19b">
         <name>__mspabi_sral</name>
         <value>0xd8fe</value>
         <object_component_ref idref="oc-180"/>
      </symbol>
      <symbol id="sm-19c">
         <name>__mspabi_sral_15</name>
         <value>0xd71a</value>
         <object_component_ref idref="oc-195"/>
      </symbol>
      <symbol id="sm-19d">
         <name>__mspabi_sral_14</name>
         <value>0xd71e</value>
         <object_component_ref idref="oc-195"/>
      </symbol>
      <symbol id="sm-19e">
         <name>__mspabi_sral_13</name>
         <value>0xd722</value>
         <object_component_ref idref="oc-195"/>
      </symbol>
      <symbol id="sm-19f">
         <name>__mspabi_sral_12</name>
         <value>0xd726</value>
         <object_component_ref idref="oc-195"/>
      </symbol>
      <symbol id="sm-1a0">
         <name>__mspabi_sral_11</name>
         <value>0xd72a</value>
         <object_component_ref idref="oc-195"/>
      </symbol>
      <symbol id="sm-1a1">
         <name>__mspabi_sral_10</name>
         <value>0xd72e</value>
         <object_component_ref idref="oc-195"/>
      </symbol>
      <symbol id="sm-1a2">
         <name>__mspabi_sral_8</name>
         <value>0xd736</value>
         <object_component_ref idref="oc-195"/>
      </symbol>
      <symbol id="sm-1a3">
         <name>__mspabi_sral_9</name>
         <value>0xd732</value>
         <object_component_ref idref="oc-195"/>
      </symbol>
      <symbol id="sm-1a4">
         <name>__mspabi_sral_6</name>
         <value>0xd73e</value>
         <object_component_ref idref="oc-195"/>
      </symbol>
      <symbol id="sm-1a5">
         <name>__mspabi_sral_7</name>
         <value>0xd73a</value>
         <object_component_ref idref="oc-195"/>
      </symbol>
      <symbol id="sm-1a6">
         <name>__mspabi_sral_4</name>
         <value>0xd746</value>
         <object_component_ref idref="oc-195"/>
      </symbol>
      <symbol id="sm-1a7">
         <name>__mspabi_sral_5</name>
         <value>0xd742</value>
         <object_component_ref idref="oc-195"/>
      </symbol>
      <symbol id="sm-1a8">
         <name>__mspabi_sral_2</name>
         <value>0xd74e</value>
         <object_component_ref idref="oc-195"/>
      </symbol>
      <symbol id="sm-1a9">
         <name>__mspabi_sral_3</name>
         <value>0xd74a</value>
         <object_component_ref idref="oc-195"/>
      </symbol>
      <symbol id="sm-1aa">
         <name>__mspabi_sral_1</name>
         <value>0xd752</value>
         <object_component_ref idref="oc-195"/>
      </symbol>
      <symbol id="sm-1c0">
         <name>_auto_init</name>
         <value>0xd614</value>
         <object_component_ref idref="oc-67"/>
      </symbol>
      <symbol id="sm-238">
         <name>g_delay</name>
         <value>0x200</value>
      </symbol>
      <symbol id="sm-239">
         <name>g_bpm</name>
         <value>0x204</value>
      </symbol>
      <symbol id="sm-23a">
         <name>measHRTR</name>
         <value>0xd144</value>
         <object_component_ref idref="oc-a8"/>
      </symbol>
      <symbol id="sm-23b">
         <name>NDEF_ALIGN_SEND</name>
         <value>0xd342</value>
         <object_component_ref idref="oc-b3"/>
      </symbol>
      <symbol id="sm-23c">
         <name>__TI_int10</name>
         <value>0xfff4</value>
         <object_component_ref idref="oc-35"/>
      </symbol>
      <symbol id="sm-23d">
         <name>NDEF_HEAD</name>
         <value>0xd966</value>
         <object_component_ref idref="oc-c4"/>
      </symbol>
      <symbol id="sm-23e">
         <name>watchdog_timer</name>
         <value>0xd456</value>
         <object_component_ref idref="oc-5b"/>
      </symbol>
      <symbol id="sm-23f">
         <name>PBW_VAL</name>
         <value>0x206</value>
         <object_component_ref idref="oc-112"/>
      </symbol>
      <symbol id="sm-240">
         <name>main</name>
         <value>0xd796</value>
         <object_component_ref idref="oc-6d"/>
      </symbol>
      <symbol id="sm-241">
         <name>g_addr</name>
         <value>0x208</value>
         <object_component_ref idref="oc-b0"/>
      </symbol>
      <symbol id="sm-242">
         <name>ADCChannelSelect</name>
         <value>0xd852</value>
         <object_component_ref idref="oc-eb"/>
      </symbol>
      <symbol id="sm-243">
         <name>I2C_TO_M24LRXX</name>
         <value>0xd544</value>
         <object_component_ref idref="oc-c7"/>
      </symbol>
      <symbol id="sm-244">
         <name>PAY_VAL</name>
         <value>0x207</value>
         <object_component_ref idref="oc-112"/>
      </symbol>
      <symbol id="sm-245">
         <name>_system_pre_init</name>
         <value>0xd940</value>
         <object_component_ref idref="oc-61"/>
      </symbol>
      <symbol id="sm-267">
         <name>__mspabi_addd</name>
         <value>0xc756</value>
         <object_component_ref idref="oc-f7"/>
      </symbol>
      <symbol id="sm-27d">
         <name>__TI_decompress_none</name>
         <value>0xd8c8</value>
         <object_component_ref idref="oc-40"/>
      </symbol>
      <symbol id="sm-29f">
         <name>__TI_decompress_rle24</name>
         <value>0xd93a</value>
         <object_component_ref idref="oc-4c"/>
      </symbol>
      <symbol id="sm-2ad">
         <name>__TI_zero_init</name>
         <value>0xd88e</value>
         <object_component_ref idref="oc-46"/>
      </symbol>
      <symbol id="sm-2ce">
         <name>__mspabi_divd</name>
         <value>0xcf0c</value>
         <object_component_ref idref="oc-103"/>
      </symbol>
      <symbol id="sm-2dc">
         <name>__mspabi_fixdu</name>
         <value>0xd8b6</value>
         <object_component_ref idref="oc-109"/>
      </symbol>
      <symbol id="sm-2ef">
         <name>__mspabi_fixdul</name>
         <value>0xd4d0</value>
         <object_component_ref idref="oc-15b"/>
      </symbol>
      <symbol id="sm-2fb">
         <name>__mspabi_fltud</name>
         <value>0xd934</value>
         <object_component_ref idref="oc-f1"/>
      </symbol>
      <symbol id="sm-310">
         <name>__mspabi_fltuld</name>
         <value>0xd3d6</value>
         <object_component_ref idref="oc-127"/>
      </symbol>
      <symbol id="sm-331">
         <name>__TI_frcaddd</name>
         <value>0xccac</value>
         <object_component_ref idref="oc-134"/>
      </symbol>
      <symbol id="sm-34c">
         <name>__TI_frcdivd</name>
         <value>0xc000</value>
         <object_component_ref idref="oc-153"/>
      </symbol>
      <symbol id="sm-35a">
         <name>memcpy</name>
         <value>0xd8ec</value>
         <object_component_ref idref="oc-7a"/>
      </symbol>
      <symbol id="sm-37c">
         <name>__mspabi_mpyd</name>
         <value>0xca3e</value>
         <object_component_ref idref="oc-fd"/>
      </symbol>
      <symbol id="sm-38f">
         <name>__TI_renormd</name>
         <value>0xd284</value>
         <object_component_ref idref="oc-185"/>
      </symbol>
      <symbol id="sm-3a0">
         <name>__TI_frcmpyd</name>
         <value>0xc462</value>
         <object_component_ref idref="oc-146"/>
      </symbol>
      <symbol id="sm-3a1">
         <name>__TI_exit</name>
         <value>0x1</value>
      </symbol>
      <symbol id="sm-3a2">
         <name>__TI_args_main</name>
         <value>0x1</value>
      </symbol>
      <symbol id="sm-3a3">
         <name>__TI_INITARRAY_Base</name>
         <value>0x0</value>
      </symbol>
      <symbol id="sm-3a4">
         <name>__TI_INITARRAY_Limit</name>
         <value>0x0</value>
      </symbol>
   </symbol_table>
   <title>Link successful</title>
</link_info>
