******************************************************************************
                  MSP430 Linker PC v4.3.5                      
******************************************************************************
>> Linked Sat Nov 29 20:44:32 2014

OUTPUT FILE NAME:   <msp430g2553_ap_med_master.out>
ENTRY POINT SYMBOL: "_c_int00"  address: 0000ce98


MEMORY CONFIGURATION

         name            origin    length      used     unused   attr    fill
----------------------  --------  ---------  --------  --------  ----  --------
  SFR                   00000000   00000010  00000000  00000010  RWIX
  PERIPHERALS_8BIT      00000010   000000f0  00000000  000000f0  RWIX
  PERIPHERALS_16BIT     00000100   00000100  00000000  00000100  RWIX
  RAM                   00000200   00000200  000000bc  00000144  RWIX
  INFOD                 00001000   00000040  00000000  00000040  RWIX
  INFOC                 00001040   00000040  00000000  00000040  RWIX
  INFOB                 00001080   00000040  00000000  00000040  RWIX
  INFOA                 000010c0   00000040  00000000  00000040  RWIX
  FLASH                 0000c000   00003fe0  00000f56  0000308a  RWIX
  INT00                 0000ffe0   00000002  00000000  00000002  RWIX
  INT01                 0000ffe2   00000002  00000000  00000002  RWIX
  INT02                 0000ffe4   00000002  00000002  00000000  RWIX
  INT03                 0000ffe6   00000002  00000002  00000000  RWIX
  INT04                 0000ffe8   00000002  00000000  00000002  RWIX
  INT05                 0000ffea   00000002  00000002  00000000  RWIX
  INT06                 0000ffec   00000002  00000002  00000000  RWIX
  INT07                 0000ffee   00000002  00000002  00000000  RWIX
  INT08                 0000fff0   00000002  00000002  00000000  RWIX
  INT09                 0000fff2   00000002  00000002  00000000  RWIX
  INT10                 0000fff4   00000002  00000002  00000000  RWIX
  INT11                 0000fff6   00000002  00000002  00000000  RWIX
  INT12                 0000fff8   00000002  00000002  00000000  RWIX
  INT13                 0000fffa   00000002  00000002  00000000  RWIX
  INT14                 0000fffc   00000002  00000002  00000000  RWIX
  RESET                 0000fffe   00000002  00000002  00000000  RWIX


SECTION ALLOCATION MAP

 output                                  attributes/
section   page    origin      length       input sections
--------  ----  ----------  ----------   ----------------
.init_array 
*          0    0000c000    00000000     UNINITIALIZED

.bss       0    00000200    00000058     UNINITIALIZED
                  00000200    00000018     (.common:aligned)
                  00000218    00000014     (.common:pulse1)
                  0000022c    00000014     (.common:pulse2)
                  00000240    00000006     (.common:ADC_RESULT)
                  00000246    00000004     (.common:g_heart_data)
                  0000024a    00000002     (.common:PTxData)
                  0000024c    00000002     (.common:l_delay)
                  0000024e    00000002     (.common:sen1)
                  00000250    00000002     (.common:sen2)
                  00000252    00000002     (.common:time_up)
                  00000254    00000001     (.common:TXByteCtr)
                  00000255    00000001     (.common:g_power)
                  00000256    00000001     (.common:overflows)
                  00000257    00000001     (.common:rise_count)

.TI.noinit 
*          0    00000200    00000000     UNINITIALIZED

.data      0    00000258    00000014     UNINITIALIZED
                  00000258    0000000c     main.obj (.data)
                  00000264    00000008     sensors.obj (.data)

.TI.persistent 
*          0    00000258    00000000     UNINITIALIZED

.stack     0    000003b0    00000050     UNINITIALIZED
                  000003b0    00000002     rts430_eabi.lib : boot.obj (.stack)
                  000003b2    0000004e     --HOLE--

.text      0    0000c000    00000f3a     
                  0000c000    00000618     power_test.obj (.text:test_power)
                  0000c618    0000016c     main.obj (.text:main)
                  0000c784    00000168     sensors.obj (.text:measHRTR)
                  0000c8ec    00000108     m24lr_xx_i2c.obj (.text:NFC_ALIGN_SEND)
                  0000c9f4    000000e2     sensors.obj (.text:ADC10_ISR)
                  0000cad6    0000009c     hydro.obj (.text:measHYDR)
                  0000cb72    0000007e     sensors.obj (.text:measTEMP)
                  0000cbf0    00000064     m24lr_xx_i2c.obj (.text:i2c_TX)
                  0000cc54    0000005e     rts430_eabi.lib : copy_decompress_rle.obj (.text:__TI_decompress_rle_core)
                  0000ccb2    0000005e                     : autoinit.obj (.text:_auto_init)
                  0000cd10    0000005c                     : lsr32.obj (.text:l_lsr_const)
                  0000cd6c    0000004c     m24lr_xx_i2c.obj (.text:I2C_INIT)
                  0000cdb8    0000004c     rts430_eabi.lib : lsr16.obj (.text)
                  0000ce04    00000038     sensors.obj (.text:ADCChannelSelect_GEN)
                  0000ce3c    00000038     m24lr_xx_i2c.obj (.text:I2C_TO_M24LRXX)
                  0000ce74    00000024     hydro.obj (.text:TA1_ISR)
                  0000ce98    0000001a     rts430_eabi.lib : boot.obj (.text:_c_int00_noexit)
                  0000ceb2    00000014     sensors.obj (.text:Timer_A)
                  0000cec6    00000014     rts430_eabi.lib : copy_zero_init.obj (.text:decompress:ZI:__TI_zero_init)
                  0000ceda    00000012                     : copy_decompress_none.obj (.text:decompress:none:__TI_decompress_none)
                  0000ceec    00000012                     : memcpy.obj (.text:memcpy)
                  0000cefe    00000010                     : epilog.obj (.text)
                  0000cf0e    0000000a                     : abs.obj (.text:abs)
                  0000cf18    00000008     main.obj (.text:watchdog_timer)
                  0000cf20    00000006     hydro.obj (.text:TA0_ISR)
                  0000cf26    00000006     rts430_eabi.lib : isr_trap.obj (.text:_isr:__TI_ISR_TRAP)
                  0000cf2c    00000006                     : copy_decompress_rle.obj (.text:decompress:rle24:__TI_decompress_rle24)
                  0000cf32    00000004                     : pre_init.obj (.text:_system_pre_init)
                  0000cf36    00000004                     : exit.obj (.text:abort)

.cinit     0    0000cf3a    0000001c     
                  0000cf3a    00000009     (.cinit..data.load) [load image, compression = rle]
                  0000cf43    00000001     --HOLE-- [fill = 0]
                  0000cf44    00000006     (__TI_handler_table)
                  0000cf4a    00000004     (.cinit..bss.load) [load image, compression = zero_init]
                  0000cf4e    00000008     (__TI_cinit_table)

PORT1      0    0000ffe4    00000002     
                  0000ffe4    00000002     rts430_eabi.lib : int02.obj (.int02)

PORT2      0    0000ffe6    00000002     
                  0000ffe6    00000002     rts430_eabi.lib : int03.obj (.int03)

ADC10      0    0000ffea    00000002     
                  0000ffea    00000002     sensors.obj (.int05)

USCIAB0TX 
*          0    0000ffec    00000002     
                  0000ffec    00000002     m24lr_xx_i2c.obj (.int06)

USCIAB0RX 
*          0    0000ffee    00000002     
                  0000ffee    00000002     rts430_eabi.lib : int07.obj (.int07)

TIMER0_A1 
*          0    0000fff0    00000002     
                  0000fff0    00000002     hydro.obj (.int08)

TIMER0_A0 
*          0    0000fff2    00000002     
                  0000fff2    00000002     hydro.obj (.int09)

WDT        0    0000fff4    00000002     
                  0000fff4    00000002     main.obj (.int10)

COMPARATORA 
*          0    0000fff6    00000002     
                  0000fff6    00000002     rts430_eabi.lib : int11.obj (.int11)

TIMER1_A1 
*          0    0000fff8    00000002     
                  0000fff8    00000002     rts430_eabi.lib : int12.obj (.int12)

TIMER1_A0 
*          0    0000fffa    00000002     
                  0000fffa    00000002     sensors.obj (.int13)

NMI        0    0000fffc    00000002     
                  0000fffc    00000002     rts430_eabi.lib : int14.obj (.int14)

.reset     0    0000fffe    00000002     
                  0000fffe    00000002     rts430_eabi.lib : boot.obj (.reset)


LINKER GENERATED COPY TABLES

__TI_cinit_table @ 0000cf4e records: 2, size/record: 4, table size: 8
	.data: load addr=0000cf3a, load size=00000009 bytes, run addr=00000258, run size=00000014 bytes, compression=rle
	.bss: load addr=0000cf4a, load size=00000004 bytes, run addr=00000200, run size=00000058 bytes, compression=zero_init


LINKER GENERATED HANDLER TABLE

__TI_handler_table @ 0000cf44 records: 3, size/record: 2, table size: 6
	index: 0, handler: __TI_zero_init
	index: 1, handler: __TI_decompress_rle24
	index: 2, handler: __TI_decompress_none


GLOBAL SYMBOLS: SORTED ALPHABETICALLY BY Name 

address    name
--------   ----
0000004a   ADC10AE0
000001b0   ADC10CTL0
000001b2   ADC10CTL1
00000048   ADC10DTC0
00000049   ADC10DTC1
000001b4   ADC10MEM
000001bc   ADC10SA
0000c9f4   ADC10_ISR
0000ce04   ADCChannelSelect_GEN
00000240   ADC_RESULT
00000057   BCSCTL1
00000058   BCSCTL2
00000053   BCSCTL3
0000cf36   C$$EXIT
00000059   CACTL1
0000005a   CACTL2
000010fb   CALBC1_12MHZ
000010f9   CALBC1_16MHZ
000010ff   CALBC1_1MHZ
000010fd   CALBC1_8MHZ
000010fa   CALDCO_12MHZ
000010f8   CALDCO_16MHZ
000010fe   CALDCO_1MHZ
000010fc   CALDCO_8MHZ
0000005b   CAPD
00000056   DCOCTL
00000128   FCTL1
0000012a   FCTL2
0000012c   FCTL3
0000cd6c   I2C_INIT
0000ce3c   I2C_TO_M24LRXX
00000000   IE1
00000001   IE2
00000002   IFG1
00000003   IFG2
0000c8ec   NFC_ALIGN_SEND
00000022   P1DIR
00000025   P1IE
00000024   P1IES
00000023   P1IFG
00000020   P1IN
00000021   P1OUT
00000027   P1REN
00000026   P1SEL
00000041   P1SEL2
0000002a   P2DIR
0000002d   P2IE
0000002c   P2IES
0000002b   P2IFG
00000028   P2IN
00000029   P2OUT
0000002f   P2REN
0000002e   P2SEL
00000042   P2SEL2
0000001a   P3DIR
00000018   P3IN
00000019   P3OUT
00000010   P3REN
0000001b   P3SEL
00000043   P3SEL2
0000024a   PTxData
00000172   TA0CCR0
00000174   TA0CCR1
00000176   TA0CCR2
00000162   TA0CCTL0
00000164   TA0CCTL1
00000166   TA0CCTL2
00000160   TA0CTL
0000012e   TA0IV
00000170   TA0R
0000cf20   TA0_ISR
00000192   TA1CCR0
00000194   TA1CCR1
00000196   TA1CCR2
00000182   TA1CCTL0
00000184   TA1CCTL1
00000186   TA1CCTL2
00000180   TA1CTL
0000011e   TA1IV
00000190   TA1R
0000ce74   TA1_ISR
000010db   TLV_ADC10_1_LEN
000010da   TLV_ADC10_1_TAG
000010c0   TLV_CHECKSUM
000010f7   TLV_DCO_30_LEN
000010f6   TLV_DCO_30_TAG
00000254   TXByteCtr
0000ceb2   Timer_A
0000005d   UCA0ABCTL
00000062   UCA0BR0
00000063   UCA0BR1
00000060   UCA0CTL0
00000061   UCA0CTL1
0000005f   UCA0IRRCTL
0000005e   UCA0IRTCTL
00000064   UCA0MCTL
00000066   UCA0RXBUF
00000065   UCA0STAT
00000067   UCA0TXBUF
0000006a   UCB0BR0
0000006b   UCB0BR1
00000068   UCB0CTL0
00000069   UCB0CTL1
0000006c   UCB0I2CIE
00000118   UCB0I2COA
0000011a   UCB0I2CSA
0000006e   UCB0RXBUF
0000006d   UCB0STAT
0000006f   UCB0TXBUF
00000120   WDTCTL
00000400   __STACK_END
00000050   __STACK_SIZE
0000cf4e   __TI_CINIT_Base
0000cf56   __TI_CINIT_Limit
0000cf44   __TI_Handler_Table_Base
0000cf4a   __TI_Handler_Table_Limit
UNDEFED    __TI_INITARRAY_Base
UNDEFED    __TI_INITARRAY_Limit
0000cf26   __TI_ISR_TRAP
00000001   __TI_args_main
0000ceda   __TI_decompress_none
0000cf2c   __TI_decompress_rle24
00000001   __TI_exit
0000ffe4   __TI_int02
0000ffe6   __TI_int03
0000ffea   __TI_int05
0000ffec   __TI_int06
0000ffee   __TI_int07
0000fff0   __TI_int08
0000fff2   __TI_int09
0000fff4   __TI_int10
0000fff6   __TI_int11
0000fff8   __TI_int12
0000fffa   __TI_int13
0000fffc   __TI_int14
0000cec6   __TI_zero_init
ffffffff   __binit__
ffffffff   __c_args__
0000cf0a   __mspabi_func_epilog_1
0000cf08   __mspabi_func_epilog_2
0000cf06   __mspabi_func_epilog_3
0000cf04   __mspabi_func_epilog_4
0000cf02   __mspabi_func_epilog_5
0000cf00   __mspabi_func_epilog_6
0000cefe   __mspabi_func_epilog_7
0000cdb8   __mspabi_srli
0000cdfe   __mspabi_srli_1
0000cdda   __mspabi_srli_10
0000cdd6   __mspabi_srli_11
0000cdd2   __mspabi_srli_12
0000cdce   __mspabi_srli_13
0000cdca   __mspabi_srli_14
0000cdc6   __mspabi_srli_15
0000cdfa   __mspabi_srli_2
0000cdf6   __mspabi_srli_3
0000cdf2   __mspabi_srli_4
0000cdee   __mspabi_srli_5
0000cdea   __mspabi_srli_6
0000cde6   __mspabi_srli_7
0000cde2   __mspabi_srli_8
0000cdde   __mspabi_srli_9
0000cd64   __mspabi_srll_1
0000cd2e   __mspabi_srll_10
0000cd28   __mspabi_srll_11
0000cd22   __mspabi_srll_12
0000cd1c   __mspabi_srll_13
0000cd16   __mspabi_srll_14
0000cd10   __mspabi_srll_15
0000cd5e   __mspabi_srll_2
0000cd58   __mspabi_srll_3
0000cd52   __mspabi_srll_4
0000cd4c   __mspabi_srll_5
0000cd46   __mspabi_srll_6
0000cd40   __mspabi_srll_7
0000cd3a   __mspabi_srll_8
0000cd34   __mspabi_srll_9
0000ccb2   _auto_init
0000ce98   _c_int00
0000ce98   _c_int00_noexit
0000fffe   _reset_vector
000003b0   _stack
0000cf32   _system_pre_init
0000cf36   abort
0000cf0e   abs
00000200   aligned
0000026a   beatfg
ffffffff   binit
00000258   g_addr
0000025f   g_daystamp
0000025a   g_delay
00000246   g_heart_data
00000262   g_hyd
00000255   g_power
00000260   g_temp
0000025e   g_timestamp
00000268   i
0000cbf0   i2c_TX
00000269   j
0000024c   l_delay
0000c618   main
0000c784   measHRTR
0000cad6   measHYDR
0000cb72   measTEMP
0000ceec   memcpy
00000256   overflows
00000218   pulse1
0000022c   pulse2
00000257   rise_count
0000024e   sen1
00000250   sen2
0000c000   test_power
00000264   time1
00000266   time2
00000252   time_up
0000026b   tranfg
0000cf18   watchdog_timer


GLOBAL SYMBOLS: SORTED BY Symbol Address 

address    name
--------   ----
00000000   IE1
00000001   IE2
00000001   __TI_args_main
00000001   __TI_exit
00000002   IFG1
00000003   IFG2
00000010   P3REN
00000018   P3IN
00000019   P3OUT
0000001a   P3DIR
0000001b   P3SEL
00000020   P1IN
00000021   P1OUT
00000022   P1DIR
00000023   P1IFG
00000024   P1IES
00000025   P1IE
00000026   P1SEL
00000027   P1REN
00000028   P2IN
00000029   P2OUT
0000002a   P2DIR
0000002b   P2IFG
0000002c   P2IES
0000002d   P2IE
0000002e   P2SEL
0000002f   P2REN
00000041   P1SEL2
00000042   P2SEL2
00000043   P3SEL2
00000048   ADC10DTC0
00000049   ADC10DTC1
0000004a   ADC10AE0
00000050   __STACK_SIZE
00000053   BCSCTL3
00000056   DCOCTL
00000057   BCSCTL1
00000058   BCSCTL2
00000059   CACTL1
0000005a   CACTL2
0000005b   CAPD
0000005d   UCA0ABCTL
0000005e   UCA0IRTCTL
0000005f   UCA0IRRCTL
00000060   UCA0CTL0
00000061   UCA0CTL1
00000062   UCA0BR0
00000063   UCA0BR1
00000064   UCA0MCTL
00000065   UCA0STAT
00000066   UCA0RXBUF
00000067   UCA0TXBUF
00000068   UCB0CTL0
00000069   UCB0CTL1
0000006a   UCB0BR0
0000006b   UCB0BR1
0000006c   UCB0I2CIE
0000006d   UCB0STAT
0000006e   UCB0RXBUF
0000006f   UCB0TXBUF
00000118   UCB0I2COA
0000011a   UCB0I2CSA
0000011e   TA1IV
00000120   WDTCTL
00000128   FCTL1
0000012a   FCTL2
0000012c   FCTL3
0000012e   TA0IV
00000160   TA0CTL
00000162   TA0CCTL0
00000164   TA0CCTL1
00000166   TA0CCTL2
00000170   TA0R
00000172   TA0CCR0
00000174   TA0CCR1
00000176   TA0CCR2
00000180   TA1CTL
00000182   TA1CCTL0
00000184   TA1CCTL1
00000186   TA1CCTL2
00000190   TA1R
00000192   TA1CCR0
00000194   TA1CCR1
00000196   TA1CCR2
000001b0   ADC10CTL0
000001b2   ADC10CTL1
000001b4   ADC10MEM
000001bc   ADC10SA
00000200   aligned
00000218   pulse1
0000022c   pulse2
00000240   ADC_RESULT
00000246   g_heart_data
0000024a   PTxData
0000024c   l_delay
0000024e   sen1
00000250   sen2
00000252   time_up
00000254   TXByteCtr
00000255   g_power
00000256   overflows
00000257   rise_count
00000258   g_addr
0000025a   g_delay
0000025e   g_timestamp
0000025f   g_daystamp
00000260   g_temp
00000262   g_hyd
00000264   time1
00000266   time2
00000268   i
00000269   j
0000026a   beatfg
0000026b   tranfg
000003b0   _stack
00000400   __STACK_END
000010c0   TLV_CHECKSUM
000010da   TLV_ADC10_1_TAG
000010db   TLV_ADC10_1_LEN
000010f6   TLV_DCO_30_TAG
000010f7   TLV_DCO_30_LEN
000010f8   CALDCO_16MHZ
000010f9   CALBC1_16MHZ
000010fa   CALDCO_12MHZ
000010fb   CALBC1_12MHZ
000010fc   CALDCO_8MHZ
000010fd   CALBC1_8MHZ
000010fe   CALDCO_1MHZ
000010ff   CALBC1_1MHZ
0000c000   test_power
0000c618   main
0000c784   measHRTR
0000c8ec   NFC_ALIGN_SEND
0000c9f4   ADC10_ISR
0000cad6   measHYDR
0000cb72   measTEMP
0000cbf0   i2c_TX
0000ccb2   _auto_init
0000cd10   __mspabi_srll_15
0000cd16   __mspabi_srll_14
0000cd1c   __mspabi_srll_13
0000cd22   __mspabi_srll_12
0000cd28   __mspabi_srll_11
0000cd2e   __mspabi_srll_10
0000cd34   __mspabi_srll_9
0000cd3a   __mspabi_srll_8
0000cd40   __mspabi_srll_7
0000cd46   __mspabi_srll_6
0000cd4c   __mspabi_srll_5
0000cd52   __mspabi_srll_4
0000cd58   __mspabi_srll_3
0000cd5e   __mspabi_srll_2
0000cd64   __mspabi_srll_1
0000cd6c   I2C_INIT
0000cdb8   __mspabi_srli
0000cdc6   __mspabi_srli_15
0000cdca   __mspabi_srli_14
0000cdce   __mspabi_srli_13
0000cdd2   __mspabi_srli_12
0000cdd6   __mspabi_srli_11
0000cdda   __mspabi_srli_10
0000cdde   __mspabi_srli_9
0000cde2   __mspabi_srli_8
0000cde6   __mspabi_srli_7
0000cdea   __mspabi_srli_6
0000cdee   __mspabi_srli_5
0000cdf2   __mspabi_srli_4
0000cdf6   __mspabi_srli_3
0000cdfa   __mspabi_srli_2
0000cdfe   __mspabi_srli_1
0000ce04   ADCChannelSelect_GEN
0000ce3c   I2C_TO_M24LRXX
0000ce74   TA1_ISR
0000ce98   _c_int00
0000ce98   _c_int00_noexit
0000ceb2   Timer_A
0000cec6   __TI_zero_init
0000ceda   __TI_decompress_none
0000ceec   memcpy
0000cefe   __mspabi_func_epilog_7
0000cf00   __mspabi_func_epilog_6
0000cf02   __mspabi_func_epilog_5
0000cf04   __mspabi_func_epilog_4
0000cf06   __mspabi_func_epilog_3
0000cf08   __mspabi_func_epilog_2
0000cf0a   __mspabi_func_epilog_1
0000cf0e   abs
0000cf18   watchdog_timer
0000cf20   TA0_ISR
0000cf26   __TI_ISR_TRAP
0000cf2c   __TI_decompress_rle24
0000cf32   _system_pre_init
0000cf36   C$$EXIT
0000cf36   abort
0000cf44   __TI_Handler_Table_Base
0000cf4a   __TI_Handler_Table_Limit
0000cf4e   __TI_CINIT_Base
0000cf56   __TI_CINIT_Limit
0000ffe4   __TI_int02
0000ffe6   __TI_int03
0000ffea   __TI_int05
0000ffec   __TI_int06
0000ffee   __TI_int07
0000fff0   __TI_int08
0000fff2   __TI_int09
0000fff4   __TI_int10
0000fff6   __TI_int11
0000fff8   __TI_int12
0000fffa   __TI_int13
0000fffc   __TI_int14
0000fffe   _reset_vector
ffffffff   __binit__
ffffffff   __c_args__
ffffffff   binit
UNDEFED    __TI_INITARRAY_Base
UNDEFED    __TI_INITARRAY_Limit

[216 symbols]
